1
2
3
4
5
6
7
8
9
10
11
4	./RUJUTA
4	./OSLAB
4	./OS/OSLAB
4	./OS/OS
4	./OS/LAB
20	./OS
336	./ATM
128	./udp
836	.
Filesystem           1K-blocks      Used Available Use% Mounted on
/dev/sda1             19609276   2665460  15947720  15% /
udev                    505824         4    505820   1% /dev
tmpfs                   205132       772    204360   1% /run
none                      5120         0      5120   0% /run/lock
none                    512828       108    512720   1% /run/shm
rujuta   pts/0        2015-01-23 03:43 (:0.0)
NAME     LINE         TIME             COMMENT
rujuta   pts/0        2015-01-23 03:43 (:0.0)
[?1049h[?1h=[1;23r[?12;25h[?12l[?25h[27m[m[H[2J[?25l[2;1H[1m[34m~                                                                               [3;1H~                                                                               [4;1H~                                                                               [5;1H~                                                                               [6;1H~                                                                               [7;1H~                                                                               [8;1H~                                                                               [9;1H~                                                                               [10;1H~                                                                               [11;1H~                                                                               [12;1H~                                                                               [13;1H~                                                                               [14;1H~                                                                               [15;1H~                                                                               [16;1H~                                                                               [17;1H~                                                                               [18;1H~                                                                               [19;1H~                                                                               [20;1H~                                                                               [21;1H~                                                                               [22;1H~                                                                               [m[4;32HVIM - Vi IMproved[6;33Hversion 7.3.154[7;29Hby Bram Moolenaar et al.[8;13HModified by pkg-vim-maintainers@lists.alioth.debian.org[9;19HVim is open source and freely distributable[11;26HBecome a registered Vim user![12;18Htype  :help register[34m<Enter>[m   for information [14;18Htype  :q[34m<Enter>[m               to exit         [15;18Htype  :help[34m<Enter>[m  or  [34m<F1>[m  for on-line help[16;18Htype  :help version7[34m<Enter>[m   for version info[18;26HRunning in Vi compatible mode[19;18Htype  :set nocp[34m<Enter>[m        for Vim defaults[20;18Htype  :help cp-default[34m<Enter>[m for info on this[1;1H[?12l[?25h[23;1H
[?1l>[?1049lrujuta   pts/0        2015-01-23 03:43 (:0.0)
Usage: /bin/znew [OPTION]... [FILE]...
Recompress files from .Z (compress) format to .gz (gzip) format.

Options:

  -f     Force recompression even if a .gz file already exists.
  -t     Test the new files before deleting originals.
  -v     Verbose; display name and statistics for each file compressed.
  -9     Use the slowest compression method (optimal compression).
  -P     Use pipes for the conversion to reduce disk space usage.
  -K     Keep a .Z file when it is smaller than the .gz file.
      --help     display this help and exit
      --version  output version information and exit

Report bugs to <bug-gzip@gnu.org>.
enable .
enable :
enable [
enable alias
enable bg
enable bind
enable break
enable builtin
enable caller
enable cd
enable command
enable compgen
enable complete
enable compopt
enable continue
enable declare
enable dirs
enable disown
enable echo
enable enable
enable eval
enable exec
enable exit
enable export
enable false
enable fc
enable fg
enable getopts
enable hash
enable help
enable history
enable jobs
enable kill
enable let
enable local
enable logout
enable mapfile
enable popd
enable printf
enable pushd
enable pwd
enable read
enable readarray
enable readonly
enable return
enable set
enable shift
enable shopt
enable source
enable suspend
enable test
enable times
enable trap
enable true
enable type
enable typeset
enable ulimit
enable umask
enable unalias
enable unset
enable wait
rujuta   pts/0        :0.0             Fri Jan 23 03:43   still logged in   
reboot   system boot  3.0.0-12-generic Fri Jan 23 03:43 - 03:53  (00:09)    
reboot   system boot  3.0.0-12-generic Fri Jan 23 03:41 - 03:53  (00:11)    
rujuta   pts/0        :0.0             Fri Jan 23 03:27 - crash  (00:14)    
reboot   system boot  3.0.0-12-generic Fri Jan 23 03:25 - 03:53  (00:27)    
rujuta   pts/0        :0.0             Fri Jan 23 02:00 - crash  (01:24)    
reboot   system boot  3.0.0-12-generic Fri Jan 23 01:11 - 03:53  (02:42)    
rujuta   pts/0        :0.0             Fri Jan 23 01:01 - down   (00:08)    
reboot   system boot  3.0.0-12-generic Fri Jan 23 00:49 - 01:09  (00:20)    
rujuta   pts/0        :0.0             Fri Jan 16 01:19 - crash (6+23:29)   
rujuta   pts/0        :0.0             Fri Jan 16 01:01 - 01:19  (00:18)    
reboot   system boot  3.0.0-12-generic Fri Jan 16 00:45 - 01:09 (7+00:23)   
rujuta   pts/0        :0.0             Fri Jan 16 00:45 - crash  (00:00)    
reboot   system boot  3.0.0-12-generic Fri Jan 16 00:43 - 01:09 (7+00:26)   

wtmp begins Fri Jan 16 00:43:33 2015
USER       PID %CPU %MEM    VSZ   RSS TTY      STAT START   TIME COMMAND
root       692  0.0  0.0   1968   540 tty4     Ss+  03:42   0:00 /sbin/getty -8 38400 tty4
root       701  0.0  0.0   1968   544 tty5     Ss+  03:42   0:00 /sbin/getty -8 38400 tty5
root       711  0.0  0.0   1968   548 tty2     Ss+  03:42   0:00 /sbin/getty -8 38400 tty2
root       712  0.0  0.0   1968   548 tty3     Ss+  03:42   0:00 /sbin/getty -8 38400 tty3
root       717  0.0  0.0   1968   552 tty6     Ss+  03:42   0:00 /sbin/getty -8 38400 tty6
root      1063  0.0  0.0   1968   548 tty1     Ss+  03:42   0:00 /sbin/getty -8 38400 tty1
root      1067  9.5  3.6  46172 36996 tty7     Rs+  03:42   1:15 /usr/bin/X :0 -auth /var/run/lightdm/root/:0 -nolisten tcp vt7 -novtswitch -background none
root      2368  0.0  0.1   5796  1636 pts/0    S    03:50   0:00 sudo -s
root      2370  0.2  0.3   7344  3512 pts/0    S    03:50   0:00 /bin/bash
root      2465  0.0  0.0  30072   748 pts/0    T    03:53   0:00 sort
root      2469  0.0  0.0   4272   504 pts/0    T    03:53   0:00 unexpand
root      2479  0.0  0.1   5012  1124 pts/0    R+   03:55   0:00 ps -u
USER       PID %CPU %MEM    VSZ   RSS TTY      STAT START   TIME COMMAND
root       692  0.0  0.0   1968   540 tty4     Ss+  03:42   0:00 /sbin/getty -8 38400 tty4
root       701  0.0  0.0   1968   544 tty5     Ss+  03:42   0:00 /sbin/getty -8 38400 tty5
root       711  0.0  0.0   1968   548 tty2     Ss+  03:42   0:00 /sbin/getty -8 38400 tty2
root       712  0.0  0.0   1968   548 tty3     Ss+  03:42   0:00 /sbin/getty -8 38400 tty3
root       717  0.0  0.0   1968   552 tty6     Ss+  03:42   0:00 /sbin/getty -8 38400 tty6
root      1063  0.0  0.0   1968   548 tty1     Ss+  03:42   0:00 /sbin/getty -8 38400 tty1
root      1067  9.3  3.6  46172 37004 tty7     Rs+  03:42   1:16 /usr/bin/X :0 -auth /var/run/lightdm/root/:0 -nolisten tcp vt7 -novtswitch -background none
root      2368  0.0  0.1   5796  1636 pts/0    S    03:50   0:00 sudo -s
root      2370  0.2  0.3   7344  3512 pts/0    S    03:50   0:00 /bin/bash
root      2465  0.0  0.0  30072   748 pts/0    T    03:53   0:00 sort
root      2469  0.0  0.0   4272   504 pts/0    T    03:53   0:00 unexpand
root      2483  0.0  0.1   5012  1124 pts/0    R+   03:55   0:00 ps -u
         system boot  2015-01-23 03:43
Linux ubuntu 3.0.0-12-generic #20-Ubuntu SMP Fri Oct 7 14:50:42 UTC 2011 i686 i686 i386 GNU/Linux
             total       used       free     shared    buffers     cached
Mem:       1025656     508568     517088          0      50328     252084
-/+ buffers/cache:     206156     819500
Swap:      1046524          0    1046524
    January 2015      
Su Mo Tu We Th Fr Sa  
             1  2  3  
 4  5  6  7  8  9 10  
11 12 13 14 15 16 17  
18 19 20 21 22 _2_3 24  
25 26 27 28 29 30 31  
                      
1
2
3
4
5
6
7
8
9
10
1
2
3
4
5
6
7
8
9
10
[H[2J(B[mtop - 04:01:58 up 20 min,  1 user,  load average: 0.00, 0.10, 0.30(B[m[39;49m[K
Tasks:(B[m[39;49m(B[m 137 (B[m[39;49mtotal,(B[m[39;49m(B[m   1 (B[m[39;49mrunning,(B[m[39;49m(B[m 131 (B[m[39;49msleeping,(B[m[39;49m(B[m   5 (B[m[39;49mstopped,(B[m[39;49m(B[m   0 (B[m[39;49mzombie(B[m[39;49m[K
Cpu(s):(B[m[39;49m(B[m  9.2%(B[m[39;49mus,(B[m[39;49m(B[m 11.0%(B[m[39;49msy,(B[m[39;49m(B[m  0.2%(B[m[39;49mni,(B[m[39;49m(B[m 78.1%(B[m[39;49mid,(B[m[39;49m(B[m  1.4%(B[m[39;49mwa,(B[m[39;49m(B[m  0.0%(B[m[39;49mhi,(B[m[39;49m(B[m  0.2%(B[m[39;49msi,(B[m[39;49m(B[m  0.0%(B[m[39;49mst(B[m[39;49m[K
Mem: (B[m[39;49m(B[m  1025656k (B[m[39;49mtotal,(B[m[39;49m(B[m   512252k (B[m[39;49mused,(B[m[39;49m(B[m   513404k (B[m[39;49mfree,(B[m[39;49m(B[m    50344k (B[m[39;49mbuffers(B[m[39;49m[K
Swap:(B[m[39;49m(B[m  1046524k (B[m[39;49mtotal,(B[m[39;49m(B[m        0k (B[m[39;49mused,(B[m[39;49m(B[m  1046524k (B[m[39;49mfree,(B[m[39;49m(B[m   254988k (B[m[39;49mcached(B[m[39;49m[K
[6;1H
[7m  PID USER      PR  NI  VIRT  RES  SHR S %CPU %MEM    TIME+  COMMAND            (B[m[39;49m[K
(B[m 1067 root      20   0  173m  35m 4636 S  6.6  3.5   1:33.22 Xorg               (B[m[39;49m
(B[m 1778 rujuta    20   0  112m  11m 9560 S  1.7  1.2   0:07.78 metacity           (B[m[39;49m
(B[m(B[m 2571 root      20   0  2816 1128  844 R  1.7  0.1   0:00.06 top                (B[m[39;49m
(B[m    1 root      20   0  3308 1820 1260 S  0.0  0.2   0:05.15 init               (B[m[39;49m
(B[m    2 root      20   0     0    0    0 S  0.0  0.0   0:00.04 kthreadd           (B[m[39;49m
(B[m    3 root      20   0     0    0    0 S  0.0  0.0   0:00.15 ksoftirqd/0        (B[m[39;49m
(B[m    5 root      20   0     0    0    0 S  0.0  0.0   0:01.90 kworker/u:0        (B[m[39;49m
(B[m    6 root      RT   0     0    0    0 S  0.0  0.0   0:00.00 migration/0        (B[m[39;49m
(B[m    7 root       0 -20     0    0    0 S  0.0  0.0   0:00.00 cpuset             (B[m[39;49m
(B[m    8 root       0 -20     0    0    0 S  0.0  0.0   0:00.00 khelper            (B[m[39;49m
(B[m    9 root       0 -20     0    0    0 S  0.0  0.0   0:00.00 netns              (B[m[39;49m
(B[m   10 root      20   0     0    0    0 S  0.0  0.0   0:00.01 sync_supers        (B[m[39;49m
(B[m   11 root      20   0     0    0    0 S  0.0  0.0   0:00.00 bdi-default        (B[m[39;49m
(B[m   12 root       0 -20     0    0    0 S  0.0  0.0   0:00.00 kintegrityd        (B[m[39;49m
(B[m   13 root       0 -20     0    0    0 S  0.0  0.0   0:00.00 kblockd            (B[m[39;49m
(B[m   14 root       0 -20     0    0    0 S  0.0  0.0   0:00.00 ata_sff            (B[m[39;49m[6;1H[K[24;1H[?12l[?25h
[    0.000000] Initializing cgroup subsys cpuset
[    0.000000] Initializing cgroup subsys cpu
[    0.000000] Linux version 3.0.0-12-generic (buildd@vernadsky) (gcc version 4.6.1 (Ubuntu/Linaro 4.6.1-9ubuntu3) ) #20-Ubuntu SMP Fri Oct 7 14:50:42 UTC 2011 (Ubuntu 3.0.0-12.20-generic 3.0.4)
[    0.000000] KERNEL supported cpus:
[    0.000000]   Intel GenuineIntel
[    0.000000]   AMD AuthenticAMD
[    0.000000]   NSC Geode by NSC
[    0.000000]   Cyrix CyrixInstead
[    0.000000]   Centaur CentaurHauls
[    0.000000]   Transmeta GenuineTMx86
[    0.000000]   Transmeta TransmetaCPU
[    0.000000]   UMC UMC UMC UMC
[    0.000000] Disabled fast string operations
[    0.000000] BIOS-provided physical RAM map:
[    0.000000]  BIOS-e820: 0000000000000000 - 000000000009f400 (usable)
[    0.000000]  BIOS-e820: 000000000009f400 - 00000000000a0000 (reserved)
[    0.000000]  BIOS-e820: 00000000000ca000 - 00000000000cc000 (reserved)
[    0.000000]  BIOS-e820: 00000000000dc000 - 0000000000100000 (reserved)
[    0.000000]  BIOS-e820: 0000000000100000 - 000000003fee0000 (usable)
[    0.000000]  BIOS-e820: 000000003fee0000 - 000000003feff000 (ACPI data)
[    0.000000]  BIOS-e820: 000000003feff000 - 000000003ff00000 (ACPI NVS)
[    0.000000]  BIOS-e820: 000000003ff00000 - 0000000040000000 (usable)
[    0.000000]  BIOS-e820: 00000000e0000000 - 00000000f0000000 (reserved)
[    0.000000]  BIOS-e820: 00000000fec00000 - 00000000fec10000 (reserved)
[    0.000000]  BIOS-e820: 00000000fee00000 - 00000000fee01000 (reserved)
[    0.000000]  BIOS-e820: 00000000fffe0000 - 0000000100000000 (reserved)
[    0.000000] Notice: NX (Execute Disable) protection cannot be enabled in hardware: non-PAE kernel!
[    0.000000] NX (Execute Disable) protection: approximated by x86 segment limits
[    0.000000] DMI present.
[    0.000000] DMI: VMware, Inc. VMware Virtual Platform/440BX Desktop Reference Platform, BIOS 6.00 06/02/2011
[    0.000000] Hypervisor detected: VMware
[    0.000000] e820 update range: 0000000000000000 - 0000000000010000 (usable) ==> (reserved)
[    0.000000] e820 remove range: 00000000000a0000 - 0000000000100000 (usable)
[    0.000000] last_pfn = 0x40000 max_arch_pfn = 0x100000
[    0.000000] MTRR default type: uncachable
[    0.000000] MTRR fixed ranges enabled:
[    0.000000]   00000-9FFFF write-back
[    0.000000]   A0000-BFFFF uncachable
[    0.000000]   C0000-CBFFF write-protect
[    0.000000]   CC000-EFFFF uncachable
[    0.000000]   F0000-FFFFF write-protect
[    0.000000] MTRR variable ranges enabled:
[    0.000000]   0 base 0000000000 mask FFC0000000 write-back
[    0.000000]   1 disabled
[    0.000000]   2 disabled
[    0.000000]   3 disabled
[    0.000000]   4 disabled
[    0.000000]   5 disabled
[    0.000000]   6 disabled
[    0.000000]   7 disabled
[    0.000000] x86 PAT enabled: cpu 0, old 0x0, new 0x7010600070106
[    0.000000] found SMP MP-table at [c00f6bc0] f6bc0
[    0.000000] initial memory mapped : 0 - 01c00000
[    0.000000] Base memory trampoline at [c009b000] 9b000 size 16384
[    0.000000] init_memory_mapping: 0000000000000000-00000000377fe000
[    0.000000]  0000000000 - 0000400000 page 4k
[    0.000000]  0000400000 - 0037400000 page 2M
[    0.000000]  0037400000 - 00377fe000 page 4k
[    0.000000] kernel direct mapping tables up to 377fe000 @ 1bfb000-1c00000
[    0.000000] RAMDISK: 365f2000 - 372f1000
[    0.000000] ACPI: RSDP 000f6b50 00024 (v02 PTLTD )
[    0.000000] ACPI: XSDT 3feeec34 0005C (v01 INTEL  440BX    06040000 VMW  01324272)
[    0.000000] ACPI: FACP 3fefee98 000F4 (v04 INTEL  440BX    06040000 PTL  000F4240)
[    0.000000] ACPI: DSDT 3feef327 0FB71 (v01 PTLTD  Custom   06040000 MSFT 03000001)
[    0.000000] ACPI: FACS 3fefffc0 00040
[    0.000000] ACPI: BOOT 3feef2ff 00028 (v01 PTLTD  $SBFTBL$ 06040000  LTP 00000001)
[    0.000000] ACPI: APIC 3feef0fd 00202 (v01 PTLTD  ? APIC   06040000  LTP 00000000)
[    0.000000] ACPI: MCFG 3feef0c1 0003C (v01 PTLTD  $PCITBL$ 06040000  LTP 00000001)
[    0.000000] ACPI: SRAT 3feeed30 002D0 (v02 VMWARE MEMPLUG  06040000 VMW  00000001)
[    0.000000] ACPI: HPET 3feeecf8 00038 (v01 VMWARE VMW HPET 06040000 VMW  00000001)
[    0.000000] ACPI: WAET 3feeecd0 00028 (v01 VMWARE VMW WAET 06040000 VMW  00000001)
[    0.000000] ACPI: Local APIC address 0xfee00000
[    0.000000] 136MB HIGHMEM available.
[    0.000000] 887MB LOWMEM available.
[    0.000000]   mapped low ram: 0 - 377fe000
[    0.000000]   low ram: 0 - 377fe000
[    0.000000] Zone PFN ranges:
[    0.000000]   DMA      0x00000010 -> 0x00001000
[    0.000000]   Normal   0x00001000 -> 0x000377fe
[    0.000000]   HighMem  0x000377fe -> 0x00040000
[    0.000000] Movable zone start PFN for each node
[    0.000000] early_node_map[3] active PFN ranges
[    0.000000]     0: 0x00000010 -> 0x0000009f
[    0.000000]     0: 0x00000100 -> 0x0003fee0
[    0.000000]     0: 0x0003ff00 -> 0x00040000
[    0.000000] On node 0 totalpages: 261999
[    0.000000] free_area_init_node: node 0, pgdat c17b11c0, node_mem_map f5df2200
[    0.000000]   DMA zone: 32 pages used for memmap
[    0.000000]   DMA zone: 0 pages reserved
[    0.000000]   DMA zone: 3951 pages, LIFO batch:0
[    0.000000]   Normal zone: 1744 pages used for memmap
[    0.000000]   Normal zone: 221486 pages, LIFO batch:31
[    0.000000]   HighMem zone: 273 pages used for memmap
[    0.000000]   HighMem zone: 34513 pages, LIFO batch:7
[    0.000000] Using APIC driver default
[    0.000000] ACPI: PM-Timer IO Port: 0x1008
[    0.000000] ACPI: Local APIC address 0xfee00000
[    0.000000] ACPI: LAPIC (acpi_id[0x00] lapic_id[0x00] enabled)
[    0.000000] ACPI: LAPIC (acpi_id[0x01] lapic_id[0x01] disabled)
[    0.000000] ACPI: LAPIC (acpi_id[0x02] lapic_id[0x02] disabled)
[    0.000000] ACPI: LAPIC (acpi_id[0x03] lapic_id[0x03] disabled)
[    0.000000] ACPI: LAPIC (acpi_id[0x04] lapic_id[0x04] disabled)
[    0.000000] ACPI: LAPIC (acpi_id[0x05] lapic_id[0x05] disabled)
[    0.000000] ACPI: LAPIC (acpi_id[0x06] lapic_id[0x06] disabled)
[    0.000000] ACPI: LAPIC (acpi_id[0x07] lapic_id[0x07] disabled)
[    0.000000] ACPI: LAPIC (acpi_id[0x08] lapic_id[0x08] disabled)
[    0.000000] ACPI: LAPIC (acpi_id[0x09] lapic_id[0x09] disabled)
[    0.000000] ACPI: LAPIC (acpi_id[0x0a] lapic_id[0x0a] disabled)
[    0.000000] ACPI: LAPIC (acpi_id[0x0b] lapic_id[0x0b] disabled)
[    0.000000] ACPI: LAPIC (acpi_id[0x0c] lapic_id[0x0c] disabled)
[    0.000000] ACPI: LAPIC (acpi_id[0x0d] lapic_id[0x0d] disabled)
[    0.000000] ACPI: LAPIC (acpi_id[0x0e] lapic_id[0x0e] disabled)
[    0.000000] ACPI: LAPIC (acpi_id[0x0f] lapic_id[0x0f] disabled)
[    0.000000] ACPI: LAPIC (acpi_id[0x10] lapic_id[0x10] disabled)
[    0.000000] ACPI: LAPIC (acpi_id[0x11] lapic_id[0x11] disabled)
[    0.000000] ACPI: LAPIC (acpi_id[0x12] lapic_id[0x12] disabled)
[    0.000000] ACPI: LAPIC (acpi_id[0x13] lapic_id[0x13] disabled)
[    0.000000] ACPI: LAPIC (acpi_id[0x14] lapic_id[0x14] disabled)
[    0.000000] ACPI: LAPIC (acpi_id[0x15] lapic_id[0x15] disabled)
[    0.000000] ACPI: LAPIC (acpi_id[0x16] lapic_id[0x16] disabled)
[    0.000000] ACPI: LAPIC (acpi_id[0x17] lapic_id[0x17] disabled)
[    0.000000] ACPI: LAPIC (acpi_id[0x18] lapic_id[0x18] disabled)
[    0.000000] ACPI: LAPIC (acpi_id[0x19] lapic_id[0x19] disabled)
[    0.000000] ACPI: LAPIC (acpi_id[0x1a] lapic_id[0x1a] disabled)
[    0.000000] ACPI: LAPIC (acpi_id[0x1b] lapic_id[0x1b] disabled)
[    0.000000] ACPI: LAPIC (acpi_id[0x1c] lapic_id[0x1c] disabled)
[    0.000000] ACPI: LAPIC (acpi_id[0x1d] lapic_id[0x1d] disabled)
[    0.000000] ACPI: LAPIC (acpi_id[0x1e] lapic_id[0x1e] disabled)
[    0.000000] ACPI: LAPIC (acpi_id[0x1f] lapic_id[0x1f] disabled)
[    0.000000] ACPI: LAPIC_NMI (acpi_id[0x00] high edge lint[0x1])
[    0.000000] ACPI: LAPIC_NMI (acpi_id[0x01] high edge lint[0x1])
[    0.000000] ACPI: LAPIC_NMI (acpi_id[0x02] high edge lint[0x1])
[    0.000000] ACPI: LAPIC_NMI (acpi_id[0x03] high edge lint[0x1])
[    0.000000] ACPI: LAPIC_NMI (acpi_id[0x04] high edge lint[0x1])
[    0.000000] ACPI: LAPIC_NMI (acpi_id[0x05] high edge lint[0x1])
[    0.000000] ACPI: LAPIC_NMI (acpi_id[0x06] high edge lint[0x1])
[    0.000000] ACPI: LAPIC_NMI (acpi_id[0x07] high edge lint[0x1])
[    0.000000] ACPI: LAPIC_NMI (acpi_id[0x08] high edge lint[0x1])
[    0.000000] ACPI: LAPIC_NMI (acpi_id[0x09] high edge lint[0x1])
[    0.000000] ACPI: LAPIC_NMI (acpi_id[0x0a] high edge lint[0x1])
[    0.000000] ACPI: LAPIC_NMI (acpi_id[0x0b] high edge lint[0x1])
[    0.000000] ACPI: LAPIC_NMI (acpi_id[0x0c] high edge lint[0x1])
[    0.000000] ACPI: LAPIC_NMI (acpi_id[0x0d] high edge lint[0x1])
[    0.000000] ACPI: LAPIC_NMI (acpi_id[0x0e] high edge lint[0x1])
[    0.000000] ACPI: LAPIC_NMI (acpi_id[0x0f] high edge lint[0x1])
[    0.000000] ACPI: LAPIC_NMI (acpi_id[0x10] high edge lint[0x1])
[    0.000000] ACPI: LAPIC_NMI (acpi_id[0x11] high edge lint[0x1])
[    0.000000] ACPI: LAPIC_NMI (acpi_id[0x12] high edge lint[0x1])
[    0.000000] ACPI: LAPIC_NMI (acpi_id[0x13] high edge lint[0x1])
[    0.000000] ACPI: LAPIC_NMI (acpi_id[0x14] high edge lint[0x1])
[    0.000000] ACPI: LAPIC_NMI (acpi_id[0x15] high edge lint[0x1])
[    0.000000] ACPI: LAPIC_NMI (acpi_id[0x16] high edge lint[0x1])
[    0.000000] ACPI: LAPIC_NMI (acpi_id[0x17] high edge lint[0x1])
[    0.000000] ACPI: LAPIC_NMI (acpi_id[0x18] high edge lint[0x1])
[    0.000000] ACPI: LAPIC_NMI (acpi_id[0x19] high edge lint[0x1])
[    0.000000] ACPI: LAPIC_NMI (acpi_id[0x1a] high edge lint[0x1])
[    0.000000] ACPI: LAPIC_NMI (acpi_id[0x1b] high edge lint[0x1])
[    0.000000] ACPI: LAPIC_NMI (acpi_id[0x1c] high edge lint[0x1])
[    0.000000] ACPI: LAPIC_NMI (acpi_id[0x1d] high edge lint[0x1])
[    0.000000] ACPI: LAPIC_NMI (acpi_id[0x1e] high edge lint[0x1])
[    0.000000] ACPI: LAPIC_NMI (acpi_id[0x1f] high edge lint[0x1])
[    0.000000] ACPI: IOAPIC (id[0x20] address[0xfec00000] gsi_base[0])
[    0.000000] IOAPIC[0]: apic_id 32, version 17, address 0xfec00000, GSI 0-23
[    0.000000] ACPI: INT_SRC_OVR (bus 0 bus_irq 0 global_irq 2 high edge)
[    0.000000] ACPI: IRQ0 used by override.
[    0.000000] ACPI: IRQ2 used by override.
[    0.000000] ACPI: IRQ9 used by override.
[    0.000000] Using ACPI (MADT) for SMP configuration information
[    0.000000] ACPI: HPET id: 0x8086af01 base: 0xfed00000
[    0.000000] 32 Processors exceeds NR_CPUS limit of 8
[    0.000000] SMP: Allowing 8 CPUs, 7 hotplug CPUs
[    0.000000] nr_irqs_gsi: 40
[    0.000000] PM: Registered nosave memory: 000000000009f000 - 00000000000a0000
[    0.000000] PM: Registered nosave memory: 00000000000a0000 - 00000000000ca000
[    0.000000] PM: Registered nosave memory: 00000000000ca000 - 00000000000cc000
[    0.000000] PM: Registered nosave memory: 00000000000cc000 - 00000000000dc000
[    0.000000] PM: Registered nosave memory: 00000000000dc000 - 0000000000100000
[    0.000000] Allocating PCI resources starting at 40000000 (gap: 40000000:a0000000)
[    0.000000] Booting paravirtualized kernel on bare hardware
[    0.000000] setup_percpu: NR_CPUS:8 nr_cpumask_bits:8 nr_cpu_ids:8 nr_node_ids:1
[    0.000000] PERCPU: Embedded 12 pages/cpu @f5800000 s26240 r0 d22912 u524288
[    0.000000] pcpu-alloc: s26240 r0 d22912 u524288 alloc=1*4194304
[    0.000000] pcpu-alloc: [0] 0 1 2 3 4 5 6 7 
[    0.000000] Built 1 zonelists in Zone order, mobility grouping on.  Total pages: 259950
[    0.000000] Kernel command line: BOOT_IMAGE=/boot/vmlinuz-3.0.0-12-generic root=UUID=762440a4-1227-4ccb-a3bc-e9705e2d609c ro quiet splash vt.handoff=7
[    0.000000] PID hash table entries: 4096 (order: 2, 16384 bytes)
[    0.000000] Dentry cache hash table entries: 131072 (order: 7, 524288 bytes)
[    0.000000] Inode-cache hash table entries: 65536 (order: 6, 262144 bytes)
[    0.000000] Initializing CPU#0
[    0.000000] xsave/xrstor: enabled xstate_bv 0x7, cntxt size 0x340
[    0.000000] allocated 4194048 bytes of page_cgroup
[    0.000000] please try 'cgroup_disable=memory' option if you don't want memory cgroups
[    0.000000] Initializing HighMem for node 0 (000377fe:00040000)
[    0.000000] Memory: 1011652k/1048576k available (5329k kernel code, 36344k reserved, 2589k data, 696k init, 139144k highmem)
[    0.000000] virtual kernel memory layout:
[    0.000000]     fixmap  : 0xfff16000 - 0xfffff000   ( 932 kB)
[    0.000000]     pkmap   : 0xff800000 - 0xffc00000   (4096 kB)
[    0.000000]     vmalloc : 0xf7ffe000 - 0xff7fe000   ( 120 MB)
[    0.000000]     lowmem  : 0xc0000000 - 0xf77fe000   ( 887 MB)
[    0.000000]       .init : 0xc17bc000 - 0xc186a000   ( 696 kB)
[    0.000000]       .data : 0xc1534784 - 0xc17bbd80   (2589 kB)
[    0.000000]       .text : 0xc1000000 - 0xc1534784   (5329 kB)
[    0.000000] Checking if this processor honours the WP bit even in supervisor mode...Ok.
[    0.000000] SLUB: Genslabs=15, HWalign=64, Order=0-3, MinObjects=0, CPUs=8, Nodes=1
[    0.000000] Hierarchical RCU implementation.
[    0.000000] 	RCU dyntick-idle grace-period acceleration is enabled.
[    0.000000] NR_IRQS:2304 nr_irqs:744 16
[    0.000000] CPU 0 irqstacks, hard=f540a000 soft=f540c000
[    0.000000] Extended CMOS year: 2000
[    0.000000] vt handoff: transparent VT on vt#7
[    0.000000] Console: colour VGA+ 80x25
[    0.000000] console [tty0] enabled
[    0.000000] hpet clockevent registered
[    0.000000] TSC freq read from hypervisor : 1795.931 MHz
[    0.000000] Detected 1795.931 MHz processor.
[    0.000425] Calibrating delay loop (skipped) preset value.. 3591.86 BogoMIPS (lpj=7183724)
[    0.000643] pid_max: default: 32768 minimum: 301
[    0.001671] Security Framework initialized
[    0.011282] AppArmor: AppArmor initialized
[    0.011388] Yama: becoming mindful.
[    0.016860] Mount-cache hash table entries: 512
[    0.029578] Initializing cgroup subsys cpuacct
[    0.029737] Initializing cgroup subsys memory
[    0.030692] Initializing cgroup subsys devices
[    0.030814] Initializing cgroup subsys freezer
[    0.030886] Initializing cgroup subsys net_cls
[    0.030951] Initializing cgroup subsys blkio
[    0.031090] Initializing cgroup subsys perf_event
[    0.032433] Disabled fast string operations
[    0.032726] CPU: Physical Processor ID: 0
[    0.033318] ENERGY_PERF_BIAS: Set to 'normal', was 'performance'
[    0.033321] ENERGY_PERF_BIAS: View and update with x86_energy_perf_policy(8)
[    0.033598] mce: CPU supports 0 MCE banks
[    0.048763] SMP alternatives: switching to UP code
[    0.169025] ACPI: Core revision 20110413
[    0.258548] ftrace: allocating 24885 entries in 49 pages
[    0.345982] Enabling APIC mode:  Flat.  Using 1 I/O APICs
[    0.357735] ..TIMER: vector=0x30 apic1=0 pin1=2 apic2=-1 pin2=-1
[    0.398404] CPU0: Intel(R) Core(TM) i5-3337U CPU @ 1.80GHz stepping 09
[    0.513236] Performance Events: generic architected perfmon, Intel PMU driver.
[    0.516499] ... version:                3
[    0.516539] ... bit width:              48
[    0.516575] ... generic registers:      4
[    0.516638] ... value mask:             0000ffffffffffff
[    0.516677] ... max period:             000000007fffffff
[    0.516711] ... fixed-purpose events:   3
[    0.516750] ... event mask:             000000070000000f
[    0.559008] Brought up 1 CPUs
[    0.559234] Total of 1 processors activated (3591.86 BogoMIPS).
[    0.562108] x86 PAT enabled: cpu 0, old 0x0, new 0x7010600070106
[    0.591996] devtmpfs: initialized
[    0.614982] PM: Registering ACPI NVS region at 3feff000 (4096 bytes)
[    0.642629] print_constraints: dummy: 
[    0.644989] Time: 11:41:05  Date: 01/23/15
[    0.653785] NET: Registered protocol family 16
[    0.667417] EISA bus registered
[    0.668715] ACPI: bus type pci registered
[    0.677095] PCI: MMCONFIG for domain 0000 [bus 00-ff] at [mem 0xe0000000-0xefffffff] (base 0xe0000000)
[    0.677837] PCI: MMCONFIG at [mem 0xe0000000-0xefffffff] reserved in E820
[    0.678001] PCI: Using MMCONFIG for extended config space
[    0.678292] PCI: Using configuration type 1 for base access
[    0.695623] bio: create slab <bio-0> at 0
[    0.765488] ACPI: EC: Look up EC in DSDT
[    0.904860] [Firmware Bug]: ACPI: BIOS _OSI(Linux) query ignored
[    0.967640] ACPI: Interpreter enabled
[    0.967761] ACPI: (supports S0 S1 S4 S5)
[    0.969655] ACPI: Using IOAPIC for interrupt routing
[    1.237857] ACPI: No dock devices found.
[    1.238200] HEST: Table not found.
[    1.238641] PCI: Using host bridge windows from ACPI; if necessary, use "pci=nocrs" and report a bug
[    1.254125] ACPI: PCI Root Bridge [PCI0] (domain 0000 [bus 00-ff])
[    1.263822] pci_root PNP0A03:00: host bridge window [mem 0x000a0000-0x000bffff]
[    1.263878] pci_root PNP0A03:00: host bridge window [mem 0x000cc000-0x000cffff]
[    1.263888] pci_root PNP0A03:00: host bridge window [mem 0x000d0000-0x000d3fff]
[    1.263896] pci_root PNP0A03:00: host bridge window [mem 0x000d4000-0x000d7fff]
[    1.263903] pci_root PNP0A03:00: host bridge window [mem 0x000d8000-0x000dbfff]
[    1.263912] pci_root PNP0A03:00: host bridge window [mem 0xc0000000-0xfebfffff]
[    1.264029] pci_root PNP0A03:00: host bridge window [io  0x0000-0x0cf7]
[    1.264038] pci_root PNP0A03:00: host bridge window [io  0x0d00-0xfeff]
[    1.267248] pci 0000:00:00.0: [8086:7190] type 0 class 0x000600
[    1.272305] pci 0000:00:01.0: [8086:7191] type 1 class 0x000604
[    1.274105] pci 0000:00:07.0: [8086:7110] type 0 class 0x000601
[    1.275808] pci 0000:00:07.1: [8086:7111] type 0 class 0x000101
[    1.280829] pci 0000:00:07.1: reg 20: [io  0x10c0-0x10cf]
[    1.283322] pci 0000:00:07.3: [8086:7113] type 0 class 0x000680
[    1.285610] pci 0000:00:07.3: quirk: [io  0x1000-0x103f] claimed by PIIX4 ACPI
[    1.285756] pci 0000:00:07.3: quirk: [io  0x1040-0x104f] claimed by PIIX4 SMB
[    1.286946] pci 0000:00:07.7: [15ad:0740] type 0 class 0x000880
[    1.289620] pci 0000:00:07.7: reg 10: [io  0x1080-0x10bf]
[    1.292236] pci 0000:00:07.7: reg 14: [mem 0xc8000000-0xc8001fff 64bit]
[    1.299152] pci 0000:00:0f.0: [15ad:0405] type 0 class 0x000300
[    1.305455] pci 0000:00:0f.0: reg 10: [io  0x10d0-0x10df]
[    1.311545] pci 0000:00:0f.0: reg 14: [mem 0xd0000000-0xd7ffffff pref]
[    1.317353] pci 0000:00:0f.0: reg 18: [mem 0xc8800000-0xc8ffffff]
[    1.341918] pci 0000:00:0f.0: reg 30: [mem 0x00000000-0x00007fff pref]
[    1.342981] pci 0000:00:10.0: [1000:0030] type 0 class 0x000100
[    1.345852] pci 0000:00:10.0: reg 10: [io  0x1400-0x14ff]
[    1.348315] pci 0000:00:10.0: reg 14: [mem 0xc8040000-0xc805ffff 64bit]
[    1.350822] pci 0000:00:10.0: reg 1c: [mem 0xc8020000-0xc803ffff 64bit]
[    1.354419] pci 0000:00:10.0: reg 30: [mem 0x00000000-0x00003fff pref]
[    1.354929] pci 0000:00:11.0: [15ad:0790] type 1 class 0x000604
[    1.356754] pci 0000:00:15.0: [15ad:07a0] type 1 class 0x000604
[    1.358884] pci 0000:00:15.0: PME# supported from D0 D3hot D3cold
[    1.359252] pci 0000:00:15.0: PME# disabled
[    1.360094] pci 0000:00:15.1: [15ad:07a0] type 1 class 0x000604
[    1.361490] pci 0000:00:15.1: PME# supported from D0 D3hot D3cold
[    1.361553] pci 0000:00:15.1: PME# disabled
[    1.362137] pci 0000:00:15.2: [15ad:07a0] type 1 class 0x000604
[    1.363481] pci 0000:00:15.2: PME# supported from D0 D3hot D3cold
[    1.363541] pci 0000:00:15.2: PME# disabled
[    1.364535] pci 0000:00:15.3: [15ad:07a0] type 1 class 0x000604
[    1.365924] pci 0000:00:15.3: PME# supported from D0 D3hot D3cold
[    1.366022] pci 0000:00:15.3: PME# disabled
[    1.366596] pci 0000:00:15.4: [15ad:07a0] type 1 class 0x000604
[    1.367938] pci 0000:00:15.4: PME# supported from D0 D3hot D3cold
[    1.367998] pci 0000:00:15.4: PME# disabled
[    1.368564] pci 0000:00:15.5: [15ad:07a0] type 1 class 0x000604
[    1.369970] pci 0000:00:15.5: PME# supported from D0 D3hot D3cold
[    1.370031] pci 0000:00:15.5: PME# disabled
[    1.370620] pci 0000:00:15.6: [15ad:07a0] type 1 class 0x000604
[    1.371967] pci 0000:00:15.6: PME# supported from D0 D3hot D3cold
[    1.372027] pci 0000:00:15.6: PME# disabled
[    1.372595] pci 0000:00:15.7: [15ad:07a0] type 1 class 0x000604
[    1.374096] pci 0000:00:15.7: PME# supported from D0 D3hot D3cold
[    1.374159] pci 0000:00:15.7: PME# disabled
[    1.374731] pci 0000:00:16.0: [15ad:07a0] type 1 class 0x000604
[    1.376076] pci 0000:00:16.0: PME# supported from D0 D3hot D3cold
[    1.376136] pci 0000:00:16.0: PME# disabled
[    1.376702] pci 0000:00:16.1: [15ad:07a0] type 1 class 0x000604
[    1.378355] pci 0000:00:16.1: PME# supported from D0 D3hot D3cold
[    1.378422] pci 0000:00:16.1: PME# disabled
[    1.379005] pci 0000:00:16.2: [15ad:07a0] type 1 class 0x000604
[    1.380362] pci 0000:00:16.2: PME# supported from D0 D3hot D3cold
[    1.380423] pci 0000:00:16.2: PME# disabled
[    1.380992] pci 0000:00:16.3: [15ad:07a0] type 1 class 0x000604
[    1.382478] pci 0000:00:16.3: PME# supported from D0 D3hot D3cold
[    1.382540] pci 0000:00:16.3: PME# disabled
[    1.383110] pci 0000:00:16.4: [15ad:07a0] type 1 class 0x000604
[    1.384453] pci 0000:00:16.4: PME# supported from D0 D3hot D3cold
[    1.384513] pci 0000:00:16.4: PME# disabled
[    1.385115] pci 0000:00:16.5: [15ad:07a0] type 1 class 0x000604
[    1.386460] pci 0000:00:16.5: PME# supported from D0 D3hot D3cold
[    1.386520] pci 0000:00:16.5: PME# disabled
[    1.387088] pci 0000:00:16.6: [15ad:07a0] type 1 class 0x000604
[    1.388428] pci 0000:00:16.6: PME# supported from D0 D3hot D3cold
[    1.388488] pci 0000:00:16.6: PME# disabled
[    1.389084] pci 0000:00:16.7: [15ad:07a0] type 1 class 0x000604
[    1.390477] pci 0000:00:16.7: PME# supported from D0 D3hot D3cold
[    1.390538] pci 0000:00:16.7: PME# disabled
[    1.391108] pci 0000:00:17.0: [15ad:07a0] type 1 class 0x000604
[    1.392467] pci 0000:00:17.0: PME# supported from D0 D3hot D3cold
[    1.392528] pci 0000:00:17.0: PME# disabled
[    1.393132] pci 0000:00:17.1: [15ad:07a0] type 1 class 0x000604
[    1.394504] pci 0000:00:17.1: PME# supported from D0 D3hot D3cold
[    1.394592] pci 0000:00:17.1: PME# disabled
[    1.395163] pci 0000:00:17.2: [15ad:07a0] type 1 class 0x000604
[    1.396506] pci 0000:00:17.2: PME# supported from D0 D3hot D3cold
[    1.396566] pci 0000:00:17.2: PME# disabled
[    1.397651] pci 0000:00:17.3: [15ad:07a0] type 1 class 0x000604
[    1.399000] pci 0000:00:17.3: PME# supported from D0 D3hot D3cold
[    1.399061] pci 0000:00:17.3: PME# disabled
[    1.399629] pci 0000:00:17.4: [15ad:07a0] type 1 class 0x000604
[    1.400968] pci 0000:00:17.4: PME# supported from D0 D3hot D3cold
[    1.401056] pci 0000:00:17.4: PME# disabled
[    1.401681] pci 0000:00:17.5: [15ad:07a0] type 1 class 0x000604
[    1.403024] pci 0000:00:17.5: PME# supported from D0 D3hot D3cold
[    1.403085] pci 0000:00:17.5: PME# disabled
[    1.403652] pci 0000:00:17.6: [15ad:07a0] type 1 class 0x000604
[    1.404990] pci 0000:00:17.6: PME# supported from D0 D3hot D3cold
[    1.405108] pci 0000:00:17.6: PME# disabled
[    1.405678] pci 0000:00:17.7: [15ad:07a0] type 1 class 0x000604
[    1.407018] pci 0000:00:17.7: PME# supported from D0 D3hot D3cold
[    1.407078] pci 0000:00:17.7: PME# disabled
[    1.407645] pci 0000:00:18.0: [15ad:07a0] type 1 class 0x000604
[    1.409154] pci 0000:00:18.0: PME# supported from D0 D3hot D3cold
[    1.409218] pci 0000:00:18.0: PME# disabled
[    1.409791] pci 0000:00:18.1: [15ad:07a0] type 1 class 0x000604
[    1.411137] pci 0000:00:18.1: PME# supported from D0 D3hot D3cold
[    1.411198] pci 0000:00:18.1: PME# disabled
[    1.411766] pci 0000:00:18.2: [15ad:07a0] type 1 class 0x000604
[    1.413227] pci 0000:00:18.2: PME# supported from D0 D3hot D3cold
[    1.413290] pci 0000:00:18.2: PME# disabled
[    1.413863] pci 0000:00:18.3: [15ad:07a0] type 1 class 0x000604
[    1.415211] pci 0000:00:18.3: PME# supported from D0 D3hot D3cold
[    1.415271] pci 0000:00:18.3: PME# disabled
[    1.415839] pci 0000:00:18.4: [15ad:07a0] type 1 class 0x000604
[    1.417340] pci 0000:00:18.4: PME# supported from D0 D3hot D3cold
[    1.417403] pci 0000:00:18.4: PME# disabled
[    1.417982] pci 0000:00:18.5: [15ad:07a0] type 1 class 0x000604
[    1.419455] pci 0000:00:18.5: PME# supported from D0 D3hot D3cold
[    1.419518] pci 0000:00:18.5: PME# disabled
[    1.420095] pci 0000:00:18.6: [15ad:07a0] type 1 class 0x000604
[    1.421583] pci 0000:00:18.6: PME# supported from D0 D3hot D3cold
[    1.421646] pci 0000:00:18.6: PME# disabled
[    1.422249] pci 0000:00:18.7: [15ad:07a0] type 1 class 0x000604
[    1.423603] pci 0000:00:18.7: PME# supported from D0 D3hot D3cold
[    1.423683] pci 0000:00:18.7: PME# disabled
[    1.428065] pci 0000:00:01.0: PCI bridge to [bus 01-01]
[    1.428604] pci 0000:00:01.0:   bridge window [io  0xf000-0x0000] (disabled)
[    1.429076] pci 0000:00:01.0:   bridge window [mem 0xfff00000-0x000fffff] (disabled)
[    1.429386] pci 0000:00:01.0:   bridge window [mem 0xfff00000-0x000fffff pref] (disabled)
[    1.430758] pci 0000:02:00.0: [15ad:0774] type 0 class 0x000c03
[    1.436045] pci 0000:02:00.0: reg 20: [io  0x20c0-0x20df]
[    1.439609] pci 0000:02:01.0: [1022:2000] type 0 class 0x000200
[    1.441206] pci 0000:02:01.0: reg 10: [io  0x2000-0x207f]
[    1.449302] pci 0000:02:01.0: reg 30: [mem 0x00000000-0x0000ffff pref]
[    1.449716] pci 0000:02:02.0: [1274:1371] type 0 class 0x000401
[    1.451298] pci 0000:02:02.0: reg 10: [io  0x2080-0x20bf]
[    1.460783] pci 0000:02:03.0: [15ad:0770] type 0 class 0x000c03
[    1.462426] pci 0000:02:03.0: reg 10: [mem 0xc9000000-0xc9000fff]
[    1.469926] pci 0000:00:11.0: PCI bridge to [bus 02-02] (subtractive decode)
[    1.470245] pci 0000:00:11.0:   bridge window [io  0x2000-0x3fff]
[    1.470420] pci 0000:00:11.0:   bridge window [mem 0xc9000000-0xca3fffff]
[    1.470758] pci 0000:00:11.0:   bridge window [mem 0xd8400000-0xd89fffff 64bit pref]
[    1.471048] pci 0000:00:11.0:   bridge window [mem 0x000a0000-0x000bffff] (subtractive decode)
[    1.471084] pci 0000:00:11.0:   bridge window [mem 0x000cc000-0x000cffff] (subtractive decode)
[    1.471094] pci 0000:00:11.0:   bridge window [mem 0x000d0000-0x000d3fff] (subtractive decode)
[    1.471102] pci 0000:00:11.0:   bridge window [mem 0x000d4000-0x000d7fff] (subtractive decode)
[    1.471110] pci 0000:00:11.0:   bridge window [mem 0x000d8000-0x000dbfff] (subtractive decode)
[    1.471119] pci 0000:00:11.0:   bridge window [mem 0xc0000000-0xfebfffff] (subtractive decode)
[    1.471128] pci 0000:00:11.0:   bridge window [io  0x0000-0x0cf7] (subtractive decode)
[    1.471136] pci 0000:00:11.0:   bridge window [io  0x0d00-0xfeff] (subtractive decode)
[    1.473331] pci 0000:00:15.0: PCI bridge to [bus 03-03]
[    1.473423] pci 0000:00:15.0:   bridge window [io  0x4000-0x4fff]
[    1.473485] pci 0000:00:15.0:   bridge window [mem 0xca400000-0xca4fffff]
[    1.473611] pci 0000:00:15.0:   bridge window [mem 0xd8a00000-0xd8afffff 64bit pref]
[    1.475386] pci 0000:00:15.1: PCI bridge to [bus 04-04]
[    1.475477] pci 0000:00:15.1:   bridge window [io  0x8000-0x8fff]
[    1.475562] pci 0000:00:15.1:   bridge window [mem 0xca800000-0xca8fffff]
[    1.475754] pci 0000:00:15.1:   bridge window [mem 0xd8e00000-0xd8efffff 64bit pref]
[    1.477467] pci 0000:00:15.2: PCI bridge to [bus 05-05]
[    1.477557] pci 0000:00:15.2:   bridge window [io  0xc000-0xcfff]
[    1.477648] pci 0000:00:15.2:   bridge window [mem 0xcac00000-0xcacfffff]
[    1.477795] pci 0000:00:15.2:   bridge window [mem 0xd9200000-0xd92fffff 64bit pref]
[    1.479529] pci 0000:00:15.3: PCI bridge to [bus 06-06]
[    1.479616] pci 0000:00:15.3:   bridge window [io  0xf000-0x0000] (disabled)
[    1.479694] pci 0000:00:15.3:   bridge window [mem 0xcb000000-0xcb0fffff]
[    1.479808] pci 0000:00:15.3:   bridge window [mem 0xd9600000-0xd96fffff 64bit pref]
[    1.481352] pci 0000:00:15.4: PCI bridge to [bus 07-07]
[    1.481443] pci 0000:00:15.4:   bridge window [io  0xf000-0x0000] (disabled)
[    1.481533] pci 0000:00:15.4:   bridge window [mem 0xcb400000-0xcb4fffff]
[    1.481656] pci 0000:00:15.4:   bridge window [mem 0xd9a00000-0xd9afffff 64bit pref]
[    1.483118] pci 0000:00:15.5: PCI bridge to [bus 08-08]
[    1.483202] pci 0000:00:15.5:   bridge window [io  0xf000-0x0000] (disabled)
[    1.483289] pci 0000:00:15.5:   bridge window [mem 0xcb800000-0xcb8fffff]
[    1.483437] pci 0000:00:15.5:   bridge window [mem 0xd9e00000-0xd9efffff 64bit pref]
[    1.485049] pci 0000:00:15.6: PCI bridge to [bus 09-09]
[    1.485130] pci 0000:00:15.6:   bridge window [io  0xf000-0x0000] (disabled)
[    1.485192] pci 0000:00:15.6:   bridge window [mem 0xcbc00000-0xcbcfffff]
[    1.485307] pci 0000:00:15.6:   bridge window [mem 0xda200000-0xda2fffff 64bit pref]
[    1.486819] pci 0000:00:15.7: PCI bridge to [bus 0a-0a]
[    1.486884] pci 0000:00:15.7:   bridge window [io  0xf000-0x0000] (disabled)
[    1.486958] pci 0000:00:15.7:   bridge window [mem 0xcc000000-0xcc0fffff]
[    1.487117] pci 0000:00:15.7:   bridge window [mem 0xda600000-0xda6fffff 64bit pref]
[    1.488529] pci 0000:00:16.0: PCI bridge to [bus 0b-0b]
[    1.488618] pci 0000:00:16.0:   bridge window [io  0x5000-0x5fff]
[    1.488694] pci 0000:00:16.0:   bridge window [mem 0xca500000-0xca5fffff]
[    1.488824] pci 0000:00:16.0:   bridge window [mem 0xd8b00000-0xd8bfffff 64bit pref]
[    1.490342] pci 0000:00:16.1: PCI bridge to [bus 0c-0c]
[    1.490432] pci 0000:00:16.1:   bridge window [io  0x9000-0x9fff]
[    1.490504] pci 0000:00:16.1:   bridge window [mem 0xca900000-0xca9fffff]
[    1.490634] pci 0000:00:16.1:   bridge window [mem 0xd8f00000-0xd8ffffff 64bit pref]
[    1.492206] pci 0000:00:16.2: PCI bridge to [bus 0d-0d]
[    1.492300] pci 0000:00:16.2:   bridge window [io  0xd000-0xdfff]
[    1.492388] pci 0000:00:16.2:   bridge window [mem 0xcad00000-0xcadfffff]
[    1.492551] pci 0000:00:16.2:   bridge window [mem 0xd9300000-0xd93fffff 64bit pref]
[    1.494122] pci 0000:00:16.3: PCI bridge to [bus 0e-0e]
[    1.494214] pci 0000:00:16.3:   bridge window [io  0xf000-0x0000] (disabled)
[    1.494307] pci 0000:00:16.3:   bridge window [mem 0xcb100000-0xcb1fffff]
[    1.494465] pci 0000:00:16.3:   bridge window [mem 0xd9700000-0xd97fffff 64bit pref]
[    1.496040] pci 0000:00:16.4: PCI bridge to [bus 0f-0f]
[    1.496116] pci 0000:00:16.4:   bridge window [io  0xf000-0x0000] (disabled)
[    1.496178] pci 0000:00:16.4:   bridge window [mem 0xcb500000-0xcb5fffff]
[    1.496326] pci 0000:00:16.4:   bridge window [mem 0xd9b00000-0xd9bfffff 64bit pref]
[    1.497850] pci 0000:00:16.5: PCI bridge to [bus 10-10]
[    1.497940] pci 0000:00:16.5:   bridge window [io  0xf000-0x0000] (disabled)
[    1.498018] pci 0000:00:16.5:   bridge window [mem 0xcb900000-0xcb9fffff]
[    1.498142] pci 0000:00:16.5:   bridge window [mem 0xd9f00000-0xd9ffffff 64bit pref]
[    1.499561] pci 0000:00:16.6: PCI bridge to [bus 11-11]
[    1.499628] pci 0000:00:16.6:   bridge window [io  0xf000-0x0000] (disabled)
[    1.499690] pci 0000:00:16.6:   bridge window [mem 0xcbd00000-0xcbdfffff]
[    1.499802] pci 0000:00:16.6:   bridge window [mem 0xda300000-0xda3fffff 64bit pref]
[    1.501400] pci 0000:00:16.7: PCI bridge to [bus 12-12]
[    1.501479] pci 0000:00:16.7:   bridge window [io  0xf000-0x0000] (disabled)
[    1.501565] pci 0000:00:16.7:   bridge window [mem 0xcc100000-0xcc1fffff]
[    1.501708] pci 0000:00:16.7:   bridge window [mem 0xda700000-0xda7fffff 64bit pref]
[    1.503186] pci 0000:00:17.0: PCI bridge to [bus 13-13]
[    1.503262] pci 0000:00:17.0:   bridge window [io  0x6000-0x6fff]
[    1.503323] pci 0000:00:17.0:   bridge window [mem 0xca600000-0xca6fffff]
[    1.503474] pci 0000:00:17.0:   bridge window [mem 0xd8c00000-0xd8cfffff 64bit pref]
[    1.504901] pci 0000:00:17.1: PCI bridge to [bus 14-14]
[    1.505056] pci 0000:00:17.1:   bridge window [io  0xa000-0xafff]
[    1.505119] pci 0000:00:17.1:   bridge window [mem 0xcaa00000-0xcaafffff]
[    1.505262] pci 0000:00:17.1:   bridge window [mem 0xd9000000-0xd90fffff 64bit pref]
[    1.506728] pci 0000:00:17.2: PCI bridge to [bus 15-15]
[    1.506813] pci 0000:00:17.2:   bridge window [io  0xe000-0xefff]
[    1.506894] pci 0000:00:17.2:   bridge window [mem 0xcae00000-0xcaefffff]
[    1.507041] pci 0000:00:17.2:   bridge window [mem 0xd9400000-0xd94fffff 64bit pref]
[    1.508625] pci 0000:00:17.3: PCI bridge to [bus 16-16]
[    1.508715] pci 0000:00:17.3:   bridge window [io  0xf000-0x0000] (disabled)
[    1.508796] pci 0000:00:17.3:   bridge window [mem 0xcb200000-0xcb2fffff]
[    1.508911] pci 0000:00:17.3:   bridge window [mem 0xd9800000-0xd98fffff 64bit pref]
[    1.510430] pci 0000:00:17.4: PCI bridge to [bus 17-17]
[    1.510577] pci 0000:00:17.4:   bridge window [io  0xf000-0x0000] (disabled)
[    1.510665] pci 0000:00:17.4:   bridge window [mem 0xcb600000-0xcb6fffff]
[    1.510794] pci 0000:00:17.4:   bridge window [mem 0xd9c00000-0xd9cfffff 64bit pref]
[    1.512246] pci 0000:00:17.5: PCI bridge to [bus 18-18]
[    1.512310] pci 0000:00:17.5:   bridge window [io  0xf000-0x0000] (disabled)
[    1.512383] pci 0000:00:17.5:   bridge window [mem 0xcba00000-0xcbafffff]
[    1.512539] pci 0000:00:17.5:   bridge window [mem 0xda000000-0xda0fffff 64bit pref]
[    1.514110] pci 0000:00:17.6: PCI bridge to [bus 19-19]
[    1.514173] pci 0000:00:17.6:   bridge window [io  0xf000-0x0000] (disabled)
[    1.514240] pci 0000:00:17.6:   bridge window [mem 0xcbe00000-0xcbefffff]
[    1.514443] pci 0000:00:17.6:   bridge window [mem 0xda400000-0xda4fffff 64bit pref]
[    1.515872] pci 0000:00:17.7: PCI bridge to [bus 1a-1a]
[    1.515954] pci 0000:00:17.7:   bridge window [io  0xf000-0x0000] (disabled)
[    1.516043] pci 0000:00:17.7:   bridge window [mem 0xcc200000-0xcc2fffff]
[    1.516195] pci 0000:00:17.7:   bridge window [mem 0xda800000-0xda8fffff 64bit pref]
[    1.518003] pci 0000:00:18.0: PCI bridge to [bus 1b-1b]
[    1.518070] pci 0000:00:18.0:   bridge window [io  0x7000-0x7fff]
[    1.518138] pci 0000:00:18.0:   bridge window [mem 0xca700000-0xca7fffff]
[    1.518416] pci 0000:00:18.0:   bridge window [mem 0xd8d00000-0xd8dfffff 64bit pref]
[    1.520046] pci 0000:00:18.1: PCI bridge to [bus 1c-1c]
[    1.520130] pci 0000:00:18.1:   bridge window [io  0xb000-0xbfff]
[    1.520212] pci 0000:00:18.1:   bridge window [mem 0xcab00000-0xcabfffff]
[    1.520359] pci 0000:00:18.1:   bridge window [mem 0xd9100000-0xd91fffff 64bit pref]
[    1.522000] pci 0000:00:18.2: PCI bridge to [bus 1d-1d]
[    1.522084] pci 0000:00:18.2:   bridge window [io  0xf000-0xffff]
[    1.522169] pci 0000:00:18.2:   bridge window [mem 0xcaf00000-0xcaffffff]
[    1.522325] pci 0000:00:18.2:   bridge window [mem 0xd9500000-0xd95fffff 64bit pref]
[    1.523939] pci 0000:00:18.3: PCI bridge to [bus 1e-1e]
[    1.524024] pci 0000:00:18.3:   bridge window [io  0xf000-0x0000] (disabled)
[    1.524106] pci 0000:00:18.3:   bridge window [mem 0xcb300000-0xcb3fffff]
[    1.524253] pci 0000:00:18.3:   bridge window [mem 0xd9900000-0xd99fffff 64bit pref]
[    1.525925] pci 0000:00:18.4: PCI bridge to [bus 1f-1f]
[    1.526020] pci 0000:00:18.4:   bridge window [io  0xf000-0x0000] (disabled)
[    1.526190] pci 0000:00:18.4:   bridge window [mem 0xcb700000-0xcb7fffff]
[    1.526353] pci 0000:00:18.4:   bridge window [mem 0xd9d00000-0xd9dfffff 64bit pref]
[    1.528118] pci 0000:00:18.5: PCI bridge to [bus 20-20]
[    1.528215] pci 0000:00:18.5:   bridge window [io  0xf000-0x0000] (disabled)
[    1.528292] pci 0000:00:18.5:   bridge window [mem 0xcbb00000-0xcbbfffff]
[    1.528406] pci 0000:00:18.5:   bridge window [mem 0xda100000-0xda1fffff 64bit pref]
[    1.529932] pci 0000:00:18.6: PCI bridge to [bus 21-21]
[    1.530133] pci 0000:00:18.6:   bridge window [io  0xf000-0x0000] (disabled)
[    1.530215] pci 0000:00:18.6:   bridge window [mem 0xcbf00000-0xcbffffff]
[    1.530354] pci 0000:00:18.6:   bridge window [mem 0xda500000-0xda5fffff 64bit pref]
[    1.531843] pci 0000:00:18.7: PCI bridge to [bus 22-22]
[    1.531936] pci 0000:00:18.7:   bridge window [io  0xf000-0x0000] (disabled)
[    1.532024] pci 0000:00:18.7:   bridge window [mem 0xcc300000-0xcc3fffff]
[    1.532149] pci 0000:00:18.7:   bridge window [mem 0xda900000-0xda9fffff 64bit pref]
[    1.540579] pci_bus 0000:00: on NUMA node 0
[    1.541134] ACPI: PCI Interrupt Routing Table [\_SB_.PCI0._PRT]
[    1.554502]  pci0000:00: Requesting ACPI _OSC control (0x1d)
[    1.557293]  pci0000:00: ACPI _OSC control (0x15) granted
[    2.213604] ACPI: PCI Interrupt Link [LNKA] (IRQs 3 4 5 6 7 *9 10 11 14 15)
[    2.214570] ACPI: PCI Interrupt Link [LNKB] (IRQs 3 4 5 6 7 9 10 *11 14 15)
[    2.215072] ACPI: PCI Interrupt Link [LNKC] (IRQs 3 4 5 6 7 9 *10 11 14 15)
[    2.215535] ACPI: PCI Interrupt Link [LNKD] (IRQs 3 4 *5 6 7 9 10 11 14 15)
[    2.232122] vgaarb: device added: PCI:0000:00:0f.0,decodes=io+mem,owns=io+mem,locks=none
[    2.232491] vgaarb: loaded
[    2.232606] vgaarb: bridge control possible 0000:00:0f.0
[    2.245183] SCSI subsystem initialized
[    2.248585] libata version 3.00 loaded.
[    2.251341] usbcore: registered new interface driver usbfs
[    2.252634] usbcore: registered new interface driver hub
[    2.253599] usbcore: registered new device driver usb
[    2.259288] PCI: Using ACPI for IRQ routing
[    2.461272] PCI: pci_cache_line_size set to 64 bytes
[    2.461728] pci 0000:00:18.2: no compatible bridge window for [io  0xf000-0xffff]
[    2.465352] reserve RAM buffer: 000000000009f400 - 000000000009ffff 
[    2.465739] reserve RAM buffer: 000000003fee0000 - 000000003fffffff 
[    2.481280] NetLabel: Initializing
[    2.481328] NetLabel:  domain hash size = 128
[    2.481364] NetLabel:  protocols = UNLABELED CIPSOv4
[    2.483992] NetLabel:  unlabeled traffic allowed by default
[    2.486043] hpet0: at MMIO 0xfed00000, IRQs 2, 8, 0, 0, 0, 0, 0, 0, 0, 0, 0, 0, 0, 0, 0, 0
[    2.486294] hpet0: 16 comparators, 64-bit 14.318180 MHz counter
[    2.490139] Switching to clocksource hpet
[    2.500142] Switched to NOHz mode on CPU #0
[    2.627469] AppArmor: AppArmor Filesystem Enabled
[    2.628468] pnp: PnP ACPI init
[    2.628760] ACPI: bus type pnp registered
[    2.634275] pnp 00:00: [bus 00-ff]
[    2.634622] pnp 00:00: [mem 0x000a0000-0x000bffff window]
[    2.634693] pnp 00:00: [mem 0x000c0000-0x000c3fff window]
[    2.634702] pnp 00:00: [mem 0x000c4000-0x000c7fff window]
[    2.634709] pnp 00:00: [mem 0x000c8000-0x000cbfff window]
[    2.634717] pnp 00:00: [mem 0x000cc000-0x000cffff window]
[    2.634724] pnp 00:00: [mem 0x000d0000-0x000d3fff window]
[    2.634731] pnp 00:00: [mem 0x000d4000-0x000d7fff window]
[    2.634738] pnp 00:00: [mem 0x000d8000-0x000dbfff window]
[    2.634745] pnp 00:00: [mem 0x000dc000-0x000dffff window]
[    2.634752] pnp 00:00: [mem 0x000e0000-0x000e3fff window]
[    2.634760] pnp 00:00: [mem 0x000e4000-0x000e7fff window]
[    2.634767] pnp 00:00: [mem 0x000e8000-0x000ebfff window]
[    2.634774] pnp 00:00: [mem 0x000ec000-0x000effff window]
[    2.634781] pnp 00:00: [mem 0xc0000000-0xfebfffff window]
[    2.635144] pnp 00:00: [io  0x0cf8-0x0cff]
[    2.635262] pnp 00:00: [io  0x0000-0x0cf7 window]
[    2.635300] pnp 00:00: [io  0x0d00-0xfeff window]
[    2.637220] pnp 00:00: Plug and Play ACPI device, IDs PNP0a03 PNP0a08 (active)
[    2.637696] pnp 00:01: [io  0x0010-0x001f]
[    2.637706] pnp 00:01: [io  0x0024-0x0025]
[    2.637713] pnp 00:01: [io  0x0028-0x0029]
[    2.637719] pnp 00:01: [io  0x002c-0x002d]
[    2.637725] pnp 00:01: [io  0x002e-0x002f]
[    2.637731] pnp 00:01: [io  0x0030-0x0031]
[    2.637738] pnp 00:01: [io  0x0034-0x0035]
[    2.637744] pnp 00:01: [io  0x0038-0x0039]
[    2.637750] pnp 00:01: [io  0x003c-0x003d]
[    2.637756] pnp 00:01: [io  0x0050-0x0053]
[    2.637762] pnp 00:01: [io  0x0072-0x0077]
[    2.637774] pnp 00:01: [io  0x0080]
[    2.637781] pnp 00:01: [io  0x0090-0x009f]
[    2.637787] pnp 00:01: [io  0x00a4-0x00a5]
[    2.637794] pnp 00:01: [io  0x00a8-0x00a9]
[    2.637800] pnp 00:01: [io  0x00ac-0x00ad]
[    2.637806] pnp 00:01: [io  0x00b0-0x00b5]
[    2.637812] pnp 00:01: [io  0x00b8-0x00b9]
[    2.637818] pnp 00:01: [io  0x00bc-0x00bd]
[    2.637824] pnp 00:01: [io  0x1000-0x103f]
[    2.637842] pnp 00:01: [io  0x1040-0x104f]
[    2.637848] pnp 00:01: [io  0x0cf0-0x0cf1]
[    2.639607] system 00:01: [io  0x1000-0x103f] has been reserved
[    2.639654] system 00:01: [io  0x1040-0x104f] has been reserved
[    2.639668] system 00:01: [io  0x0cf0-0x0cf1] has been reserved
[    2.639813] system 00:01: Plug and Play ACPI device, IDs PNP0c02 (active)
[    2.639996] pnp 00:02: [io  0x0000-0x000f]
[    2.640004] pnp 00:02: [io  0x0081-0x008f]
[    2.640011] pnp 00:02: [io  0x00c0-0x00df]
[    2.640331] pnp 00:02: [dma 4]
[    2.640456] pnp 00:02: Plug and Play ACPI device, IDs PNP0200 (active)
[    2.640500] pnp 00:03: [io  0x0020-0x0021]
[    2.640507] pnp 00:03: [io  0x00a0-0x00a1]
[    2.640514] pnp 00:03: [io  0x04d0-0x04d1]
[    2.640809] pnp 00:03: [irq 2 disabled]
[    2.641010] pnp 00:03: Plug and Play ACPI device, IDs PNP0001 (active)
[    2.641081] pnp 00:04: [io  0x0070-0x0071]
[    2.642519] pnp 00:04: [irq 8]
[    2.642771] pnp 00:04: Plug and Play ACPI device, IDs PNP0b00 (active)
[    2.642836] pnp 00:05: [io  0x0061]
[    2.643044] pnp 00:05: Plug and Play ACPI device, IDs PNP0800 (active)
[    2.643111] pnp 00:06: [io  0x0060]
[    2.643124] pnp 00:06: [io  0x0064]
[    2.643168] pnp 00:06: [irq 1]
[    2.643731] pnp 00:06: Plug and Play ACPI device, IDs PNP0303 (active)
[    2.643803] pnp 00:07: [irq 12]
[    2.643946] pnp 00:07: Plug and Play ACPI device, IDs PNP0f13 (active)
[    2.645253] pnp 00:08: [mem 0xfed00000-0xfed003ff]
[    2.645582] system 00:08: [mem 0xfed00000-0xfed003ff] has been reserved
[    2.645622] system 00:08: Plug and Play ACPI device, IDs PNP0103 PNP0c01 (active)
[    2.683760] pnp 00:09: [io  0x0378-0x037f]
[    2.684036] pnp 00:09: [irq 7]
[    2.692762] pnp 00:09: Plug and Play ACPI device, IDs PNP0400 (active)
[    2.717339] pnp 00:0a: [io  0x03f8-0x03ff]
[    2.717494] pnp 00:0a: [irq 4]
[    2.723726] pnp 00:0a: Plug and Play ACPI device, IDs PNP0501 (active)
[    2.746125] pnp 00:0b: [io  0x02f8-0x02ff]
[    2.746284] pnp 00:0b: [irq 3]
[    2.753133] pnp 00:0b: Plug and Play ACPI device, IDs PNP0501 (active)
[    2.783538] pnp 00:0c: [io  0x03f0-0x03f5]
[    2.783571] pnp 00:0c: [io  0x03f7]
[    2.783698] pnp 00:0c: [irq 6]
[    2.783783] pnp 00:0c: [dma 2]
[    2.789959] pnp 00:0c: Plug and Play ACPI device, IDs PNP0700 (active)
[    2.791397] pnp 00:0d: [mem 0xe0000000-0xefffffff]
[    2.791413] pnp 00:0d: [io  0x1060-0x107f]
[    2.791422] pnp 00:0d: [mem 0xc8200000-0xc83fffff]
[    2.791693] system 00:0d: [io  0x1060-0x107f] has been reserved
[    2.791709] system 00:0d: [mem 0xe0000000-0xefffffff] has been reserved
[    2.791719] system 00:0d: [mem 0xc8200000-0xc83fffff] has been reserved
[    2.791735] system 00:0d: Plug and Play ACPI device, IDs PNP0c02 (active)
[    2.821082] pnp: PnP ACPI: found 14 devices
[    2.821389] ACPI: ACPI bus type pnp unregistered
[    2.821677] PnPBIOS: Disabled by ACPI PNP
[    2.876401] PCI: max bus depth: 1 pci_try_num: 2
[    2.883354] pci 0000:00:0f.0: BAR 6: assigned [mem 0xc0000000-0xc0007fff pref]
[    2.883396] pci 0000:00:10.0: BAR 6: assigned [mem 0xc0008000-0xc000bfff pref]
[    2.883438] pci 0000:00:18.7: BAR 13: can't assign io (size 0x1000)
[    2.883480] pci 0000:00:18.6: BAR 13: can't assign io (size 0x1000)
[    2.883493] pci 0000:00:18.5: BAR 13: can't assign io (size 0x1000)
[    2.883504] pci 0000:00:18.4: BAR 13: can't assign io (size 0x1000)
[    2.883515] pci 0000:00:18.3: BAR 13: can't assign io (size 0x1000)
[    2.883526] pci 0000:00:18.2: BAR 13: can't assign io (size 0x1000)
[    2.883537] pci 0000:00:17.7: BAR 13: can't assign io (size 0x1000)
[    2.883548] pci 0000:00:17.6: BAR 13: can't assign io (size 0x1000)
[    2.883559] pci 0000:00:17.5: BAR 13: can't assign io (size 0x1000)
[    2.883569] pci 0000:00:17.4: BAR 13: can't assign io (size 0x1000)
[    2.883580] pci 0000:00:17.3: BAR 13: can't assign io (size 0x1000)
[    2.883591] pci 0000:00:16.7: BAR 13: can't assign io (size 0x1000)
[    2.883602] pci 0000:00:16.6: BAR 13: can't assign io (size 0x1000)
[    2.883612] pci 0000:00:16.5: BAR 13: can't assign io (size 0x1000)
[    2.883623] pci 0000:00:16.4: BAR 13: can't assign io (size 0x1000)
[    2.883634] pci 0000:00:16.3: BAR 13: can't assign io (size 0x1000)
[    2.883644] pci 0000:00:15.7: BAR 13: can't assign io (size 0x1000)
[    2.883655] pci 0000:00:15.6: BAR 13: can't assign io (size 0x1000)
[    2.883666] pci 0000:00:15.5: BAR 13: can't assign io (size 0x1000)
[    2.883676] pci 0000:00:15.4: BAR 13: can't assign io (size 0x1000)
[    2.883687] pci 0000:00:15.3: BAR 13: can't assign io (size 0x1000)
[    2.883729] pci 0000:00:01.0: PCI bridge to [bus 01-01]
[    2.883771] pci 0000:00:01.0:   bridge window [io  disabled]
[    2.883813] pci 0000:00:01.0:   bridge window [mem disabled]
[    2.883855] pci 0000:00:01.0:   bridge window [mem pref disabled]
[    2.883896] pci 0000:02:01.0: BAR 6: assigned [mem 0xd8400000-0xd840ffff pref]
[    2.883926] pci 0000:00:11.0: PCI bridge to [bus 02-02]
[    2.883968] pci 0000:00:11.0:   bridge window [io  0x2000-0x3fff]
[    2.884010] pci 0000:00:11.0:   bridge window [mem 0xc9000000-0xca3fffff]
[    2.884052] pci 0000:00:11.0:   bridge window [mem 0xd8400000-0xd89fffff 64bit pref]
[    2.884094] pci 0000:00:15.0: PCI bridge to [bus 03-03]
[    2.884136] pci 0000:00:15.0:   bridge window [io  0x4000-0x4fff]
[    2.884177] pci 0000:00:15.0:   bridge window [mem 0xca400000-0xca4fffff]
[    2.884219] pci 0000:00:15.0:   bridge window [mem 0xd8a00000-0xd8afffff 64bit pref]
[    2.884261] pci 0000:00:15.1: PCI bridge to [bus 04-04]
[    2.884302] pci 0000:00:15.1:   bridge window [io  0x8000-0x8fff]
[    2.884344] pci 0000:00:15.1:   bridge window [mem 0xca800000-0xca8fffff]
[    2.884386] pci 0000:00:15.1:   bridge window [mem 0xd8e00000-0xd8efffff 64bit pref]
[    2.884427] pci 0000:00:15.2: PCI bridge to [bus 05-05]
[    2.884467] pci 0000:00:15.2:   bridge window [io  0xc000-0xcfff]
[    2.884509] pci 0000:00:15.2:   bridge window [mem 0xcac00000-0xcacfffff]
[    2.884551] pci 0000:00:15.2:   bridge window [mem 0xd9200000-0xd92fffff 64bit pref]
[    2.884592] pci 0000:00:15.3: PCI bridge to [bus 06-06]
[    2.884632] pci 0000:00:15.3:   bridge window [io  disabled]
[    2.884673] pci 0000:00:15.3:   bridge window [mem 0xcb000000-0xcb0fffff]
[    2.884715] pci 0000:00:15.3:   bridge window [mem 0xd9600000-0xd96fffff 64bit pref]
[    2.884757] pci 0000:00:15.4: PCI bridge to [bus 07-07]
[    2.884765] pci 0000:00:15.4:   bridge window [io  disabled]
[    2.884807] pci 0000:00:15.4:   bridge window [mem 0xcb400000-0xcb4fffff]
[    2.884849] pci 0000:00:15.4:   bridge window [mem 0xd9a00000-0xd9afffff 64bit pref]
[    2.884891] pci 0000:00:15.5: PCI bridge to [bus 08-08]
[    2.884899] pci 0000:00:15.5:   bridge window [io  disabled]
[    2.884941] pci 0000:00:15.5:   bridge window [mem 0xcb800000-0xcb8fffff]
[    2.884982] pci 0000:00:15.5:   bridge window [mem 0xd9e00000-0xd9efffff 64bit pref]
[    2.885024] pci 0000:00:15.6: PCI bridge to [bus 09-09]
[    2.885032] pci 0000:00:15.6:   bridge window [io  disabled]
[    2.885074] pci 0000:00:15.6:   bridge window [mem 0xcbc00000-0xcbcfffff]
[    2.885116] pci 0000:00:15.6:   bridge window [mem 0xda200000-0xda2fffff 64bit pref]
[    2.885158] pci 0000:00:15.7: PCI bridge to [bus 0a-0a]
[    2.885166] pci 0000:00:15.7:   bridge window [io  disabled]
[    2.885207] pci 0000:00:15.7:   bridge window [mem 0xcc000000-0xcc0fffff]
[    2.885249] pci 0000:00:15.7:   bridge window [mem 0xda600000-0xda6fffff 64bit pref]
[    2.885291] pci 0000:00:16.0: PCI bridge to [bus 0b-0b]
[    2.885330] pci 0000:00:16.0:   bridge window [io  0x5000-0x5fff]
[    2.885372] pci 0000:00:16.0:   bridge window [mem 0xca500000-0xca5fffff]
[    2.885414] pci 0000:00:16.0:   bridge window [mem 0xd8b00000-0xd8bfffff 64bit pref]
[    2.885456] pci 0000:00:16.1: PCI bridge to [bus 0c-0c]
[    2.885495] pci 0000:00:16.1:   bridge window [io  0x9000-0x9fff]
[    2.885537] pci 0000:00:16.1:   bridge window [mem 0xca900000-0xca9fffff]
[    2.885579] pci 0000:00:16.1:   bridge window [mem 0xd8f00000-0xd8ffffff 64bit pref]
[    2.885621] pci 0000:00:16.2: PCI bridge to [bus 0d-0d]
[    2.885660] pci 0000:00:16.2:   bridge window [io  0xd000-0xdfff]
[    2.885702] pci 0000:00:16.2:   bridge window [mem 0xcad00000-0xcadfffff]
[    2.885744] pci 0000:00:16.2:   bridge window [mem 0xd9300000-0xd93fffff 64bit pref]
[    2.885786] pci 0000:00:16.3: PCI bridge to [bus 0e-0e]
[    2.885794] pci 0000:00:16.3:   bridge window [io  disabled]
[    2.885835] pci 0000:00:16.3:   bridge window [mem 0xcb100000-0xcb1fffff]
[    2.885877] pci 0000:00:16.3:   bridge window [mem 0xd9700000-0xd97fffff 64bit pref]
[    2.885919] pci 0000:00:16.4: PCI bridge to [bus 0f-0f]
[    2.885927] pci 0000:00:16.4:   bridge window [io  disabled]
[    2.885969] pci 0000:00:16.4:   bridge window [mem 0xcb500000-0xcb5fffff]
[    2.886011] pci 0000:00:16.4:   bridge window [mem 0xd9b00000-0xd9bfffff 64bit pref]
[    2.886053] pci 0000:00:16.5: PCI bridge to [bus 10-10]
[    2.886061] pci 0000:00:16.5:   bridge window [io  disabled]
[    2.886102] pci 0000:00:16.5:   bridge window [mem 0xcb900000-0xcb9fffff]
[    2.886144] pci 0000:00:16.5:   bridge window [mem 0xd9f00000-0xd9ffffff 64bit pref]
[    2.886186] pci 0000:00:16.6: PCI bridge to [bus 11-11]
[    2.886199] pci 0000:00:16.6:   bridge window [io  disabled]
[    2.886240] pci 0000:00:16.6:   bridge window [mem 0xcbd00000-0xcbdfffff]
[    2.886282] pci 0000:00:16.6:   bridge window [mem 0xda300000-0xda3fffff 64bit pref]
[    2.886324] pci 0000:00:16.7: PCI bridge to [bus 12-12]
[    2.886332] pci 0000:00:16.7:   bridge window [io  disabled]
[    2.886374] pci 0000:00:16.7:   bridge window [mem 0xcc100000-0xcc1fffff]
[    2.886416] pci 0000:00:16.7:   bridge window [mem 0xda700000-0xda7fffff 64bit pref]
[    2.886458] pci 0000:00:17.0: PCI bridge to [bus 13-13]
[    2.886497] pci 0000:00:17.0:   bridge window [io  0x6000-0x6fff]
[    2.886539] pci 0000:00:17.0:   bridge window [mem 0xca600000-0xca6fffff]
[    2.886581] pci 0000:00:17.0:   bridge window [mem 0xd8c00000-0xd8cfffff 64bit pref]
[    2.886623] pci 0000:00:17.1: PCI bridge to [bus 14-14]
[    2.886663] pci 0000:00:17.1:   bridge window [io  0xa000-0xafff]
[    2.886704] pci 0000:00:17.1:   bridge window [mem 0xcaa00000-0xcaafffff]
[    2.886746] pci 0000:00:17.1:   bridge window [mem 0xd9000000-0xd90fffff 64bit pref]
[    2.886788] pci 0000:00:17.2: PCI bridge to [bus 15-15]
[    2.886828] pci 0000:00:17.2:   bridge window [io  0xe000-0xefff]
[    2.886870] pci 0000:00:17.2:   bridge window [mem 0xcae00000-0xcaefffff]
[    2.886911] pci 0000:00:17.2:   bridge window [mem 0xd9400000-0xd94fffff 64bit pref]
[    2.886953] pci 0000:00:17.3: PCI bridge to [bus 16-16]
[    2.886961] pci 0000:00:17.3:   bridge window [io  disabled]
[    2.887003] pci 0000:00:17.3:   bridge window [mem 0xcb200000-0xcb2fffff]
[    2.887045] pci 0000:00:17.3:   bridge window [mem 0xd9800000-0xd98fffff 64bit pref]
[    2.887087] pci 0000:00:17.4: PCI bridge to [bus 17-17]
[    2.887095] pci 0000:00:17.4:   bridge window [io  disabled]
[    2.887137] pci 0000:00:17.4:   bridge window [mem 0xcb600000-0xcb6fffff]
[    2.887178] pci 0000:00:17.4:   bridge window [mem 0xd9c00000-0xd9cfffff 64bit pref]
[    2.887351] pci 0000:00:17.5: PCI bridge to [bus 18-18]
[    2.887359] pci 0000:00:17.5:   bridge window [io  disabled]
[    2.887401] pci 0000:00:17.5:   bridge window [mem 0xcba00000-0xcbafffff]
[    2.887442] pci 0000:00:17.5:   bridge window [mem 0xda000000-0xda0fffff 64bit pref]
[    2.887484] pci 0000:00:17.6: PCI bridge to [bus 19-19]
[    2.887493] pci 0000:00:17.6:   bridge window [io  disabled]
[    2.887534] pci 0000:00:17.6:   bridge window [mem 0xcbe00000-0xcbefffff]
[    2.887576] pci 0000:00:17.6:   bridge window [mem 0xda400000-0xda4fffff 64bit pref]
[    2.887618] pci 0000:00:17.7: PCI bridge to [bus 1a-1a]
[    2.887627] pci 0000:00:17.7:   bridge window [io  disabled]
[    2.887668] pci 0000:00:17.7:   bridge window [mem 0xcc200000-0xcc2fffff]
[    2.887710] pci 0000:00:17.7:   bridge window [mem 0xda800000-0xda8fffff 64bit pref]
[    2.887752] pci 0000:00:18.0: PCI bridge to [bus 1b-1b]
[    2.887792] pci 0000:00:18.0:   bridge window [io  0x7000-0x7fff]
[    2.887834] pci 0000:00:18.0:   bridge window [mem 0xca700000-0xca7fffff]
[    2.887876] pci 0000:00:18.0:   bridge window [mem 0xd8d00000-0xd8dfffff 64bit pref]
[    2.887917] pci 0000:00:18.1: PCI bridge to [bus 1c-1c]
[    2.887957] pci 0000:00:18.1:   bridge window [io  0xb000-0xbfff]
[    2.887999] pci 0000:00:18.1:   bridge window [mem 0xcab00000-0xcabfffff]
[    2.888041] pci 0000:00:18.1:   bridge window [mem 0xd9100000-0xd91fffff 64bit pref]
[    2.888082] pci 0000:00:18.2: PCI bridge to [bus 1d-1d]
[    2.888090] pci 0000:00:18.2:   bridge window [io  disabled]
[    2.888132] pci 0000:00:18.2:   bridge window [mem 0xcaf00000-0xcaffffff]
[    2.888174] pci 0000:00:18.2:   bridge window [mem 0xd9500000-0xd95fffff 64bit pref]
[    2.888216] pci 0000:00:18.3: PCI bridge to [bus 1e-1e]
[    2.888235] pci 0000:00:18.3:   bridge window [io  disabled]
[    2.888277] pci 0000:00:18.3:   bridge window [mem 0xcb300000-0xcb3fffff]
[    2.888319] pci 0000:00:18.3:   bridge window [mem 0xd9900000-0xd99fffff 64bit pref]
[    2.888360] pci 0000:00:18.4: PCI bridge to [bus 1f-1f]
[    2.888369] pci 0000:00:18.4:   bridge window [io  disabled]
[    2.888410] pci 0000:00:18.4:   bridge window [mem 0xcb700000-0xcb7fffff]
[    2.888452] pci 0000:00:18.4:   bridge window [mem 0xd9d00000-0xd9dfffff 64bit pref]
[    2.888494] pci 0000:00:18.5: PCI bridge to [bus 20-20]
[    2.888502] pci 0000:00:18.5:   bridge window [io  disabled]
[    2.888544] pci 0000:00:18.5:   bridge window [mem 0xcbb00000-0xcbbfffff]
[    2.888586] pci 0000:00:18.5:   bridge window [mem 0xda100000-0xda1fffff 64bit pref]
[    2.888627] pci 0000:00:18.6: PCI bridge to [bus 21-21]
[    2.888636] pci 0000:00:18.6:   bridge window [io  disabled]
[    2.888678] pci 0000:00:18.6:   bridge window [mem 0xcbf00000-0xcbffffff]
[    2.888720] pci 0000:00:18.6:   bridge window [mem 0xda500000-0xda5fffff 64bit pref]
[    2.888762] pci 0000:00:18.7: PCI bridge to [bus 22-22]
[    2.888770] pci 0000:00:18.7:   bridge window [io  disabled]
[    2.888811] pci 0000:00:18.7:   bridge window [mem 0xcc300000-0xcc3fffff]
[    2.888853] pci 0000:00:18.7:   bridge window [mem 0xda900000-0xda9fffff 64bit pref]
[    2.888895] pci 0000:00:01.0: setting latency timer to 64
[    2.888937] pci 0000:00:15.0: setting latency timer to 64
[    2.888979] pci 0000:00:15.1: setting latency timer to 64
[    2.889021] pci 0000:00:15.2: setting latency timer to 64
[    2.889062] pci 0000:00:15.3: setting latency timer to 64
[    2.889104] pci 0000:00:15.4: setting latency timer to 64
[    2.889146] pci 0000:00:15.5: setting latency timer to 64
[    2.889188] pci 0000:00:15.6: setting latency timer to 64
[    2.889230] pci 0000:00:15.7: setting latency timer to 64
[    2.889271] pci 0000:00:16.0: setting latency timer to 64
[    2.889313] pci 0000:00:16.1: setting latency timer to 64
[    2.889355] pci 0000:00:16.2: setting latency timer to 64
[    2.889397] pci 0000:00:16.3: setting latency timer to 64
[    2.889439] pci 0000:00:16.4: setting latency timer to 64
[    2.889481] pci 0000:00:16.5: setting latency timer to 64
[    2.889522] pci 0000:00:16.6: setting latency timer to 64
[    2.889564] pci 0000:00:16.7: setting latency timer to 64
[    2.889606] pci 0000:00:17.0: setting latency timer to 64
[    2.889648] pci 0000:00:17.1: setting latency timer to 64
[    2.889690] pci 0000:00:17.2: setting latency timer to 64
[    2.889731] pci 0000:00:17.3: setting latency timer to 64
[    2.889773] pci 0000:00:17.4: setting latency timer to 64
[    2.889815] pci 0000:00:17.5: setting latency timer to 64
[    2.889857] pci 0000:00:17.6: setting latency timer to 64
[    2.889899] pci 0000:00:17.7: setting latency timer to 64
[    2.889941] pci 0000:00:18.0: setting latency timer to 64
[    2.889982] pci 0000:00:18.1: setting latency timer to 64
[    2.890024] pci 0000:00:18.2: setting latency timer to 64
[    2.890066] pci 0000:00:18.3: setting latency timer to 64
[    2.890108] pci 0000:00:18.4: setting latency timer to 64
[    2.890150] pci 0000:00:18.5: setting latency timer to 64
[    2.890192] pci 0000:00:18.6: setting latency timer to 64
[    2.890233] pci 0000:00:18.7: setting latency timer to 64
[    2.890275] pci_bus 0000:00: resource 4 [mem 0x000a0000-0x000bffff]
[    2.890296] pci_bus 0000:00: resource 5 [mem 0x000cc000-0x000cffff]
[    2.890305] pci_bus 0000:00: resource 6 [mem 0x000d0000-0x000d3fff]
[    2.890312] pci_bus 0000:00: resource 7 [mem 0x000d4000-0x000d7fff]
[    2.890320] pci_bus 0000:00: resource 8 [mem 0x000d8000-0x000dbfff]
[    2.890328] pci_bus 0000:00: resource 9 [mem 0xc0000000-0xfebfffff]
[    2.890337] pci_bus 0000:00: resource 10 [io  0x0000-0x0cf7]
[    2.890345] pci_bus 0000:00: resource 11 [io  0x0d00-0xfeff]
[    2.890386] pci_bus 0000:02: resource 0 [io  0x2000-0x3fff]
[    2.890396] pci_bus 0000:02: resource 1 [mem 0xc9000000-0xca3fffff]
[    2.890404] pci_bus 0000:02: resource 2 [mem 0xd8400000-0xd89fffff 64bit pref]
[    2.890413] pci_bus 0000:02: resource 4 [mem 0x000a0000-0x000bffff]
[    2.890420] pci_bus 0000:02: resource 5 [mem 0x000cc000-0x000cffff]
[    2.890428] pci_bus 0000:02: resource 6 [mem 0x000d0000-0x000d3fff]
[    2.890436] pci_bus 0000:02: resource 7 [mem 0x000d4000-0x000d7fff]
[    2.890443] pci_bus 0000:02: resource 8 [mem 0x000d8000-0x000dbfff]
[    2.890451] pci_bus 0000:02: resource 9 [mem 0xc0000000-0xfebfffff]
[    2.890459] pci_bus 0000:02: resource 10 [io  0x0000-0x0cf7]
[    2.890467] pci_bus 0000:02: resource 11 [io  0x0d00-0xfeff]
[    2.890478] pci_bus 0000:03: resource 0 [io  0x4000-0x4fff]
[    2.890485] pci_bus 0000:03: resource 1 [mem 0xca400000-0xca4fffff]
[    2.890493] pci_bus 0000:03: resource 2 [mem 0xd8a00000-0xd8afffff 64bit pref]
[    2.890502] pci_bus 0000:04: resource 0 [io  0x8000-0x8fff]
[    2.890509] pci_bus 0000:04: resource 1 [mem 0xca800000-0xca8fffff]
[    2.890517] pci_bus 0000:04: resource 2 [mem 0xd8e00000-0xd8efffff 64bit pref]
[    2.890526] pci_bus 0000:05: resource 0 [io  0xc000-0xcfff]
[    2.890533] pci_bus 0000:05: resource 1 [mem 0xcac00000-0xcacfffff]
[    2.890541] pci_bus 0000:05: resource 2 [mem 0xd9200000-0xd92fffff 64bit pref]
[    2.890549] pci_bus 0000:06: resource 1 [mem 0xcb000000-0xcb0fffff]
[    2.890557] pci_bus 0000:06: resource 2 [mem 0xd9600000-0xd96fffff 64bit pref]
[    2.890566] pci_bus 0000:07: resource 1 [mem 0xcb400000-0xcb4fffff]
[    2.890574] pci_bus 0000:07: resource 2 [mem 0xd9a00000-0xd9afffff 64bit pref]
[    2.890582] pci_bus 0000:08: resource 1 [mem 0xcb800000-0xcb8fffff]
[    2.890590] pci_bus 0000:08: resource 2 [mem 0xd9e00000-0xd9efffff 64bit pref]
[    2.890598] pci_bus 0000:09: resource 1 [mem 0xcbc00000-0xcbcfffff]
[    2.890606] pci_bus 0000:09: resource 2 [mem 0xda200000-0xda2fffff 64bit pref]
[    2.890614] pci_bus 0000:0a: resource 1 [mem 0xcc000000-0xcc0fffff]
[    2.890622] pci_bus 0000:0a: resource 2 [mem 0xda600000-0xda6fffff 64bit pref]
[    2.890631] pci_bus 0000:0b: resource 0 [io  0x5000-0x5fff]
[    2.890638] pci_bus 0000:0b: resource 1 [mem 0xca500000-0xca5fffff]
[    2.890646] pci_bus 0000:0b: resource 2 [mem 0xd8b00000-0xd8bfffff 64bit pref]
[    2.890654] pci_bus 0000:0c: resource 0 [io  0x9000-0x9fff]
[    2.890662] pci_bus 0000:0c: resource 1 [mem 0xca900000-0xca9fffff]
[    2.890670] pci_bus 0000:0c: resource 2 [mem 0xd8f00000-0xd8ffffff 64bit pref]
[    2.890678] pci_bus 0000:0d: resource 0 [io  0xd000-0xdfff]
[    2.890685] pci_bus 0000:0d: resource 1 [mem 0xcad00000-0xcadfffff]
[    2.890693] pci_bus 0000:0d: resource 2 [mem 0xd9300000-0xd93fffff 64bit pref]
[    2.890701] pci_bus 0000:0e: resource 1 [mem 0xcb100000-0xcb1fffff]
[    2.890709] pci_bus 0000:0e: resource 2 [mem 0xd9700000-0xd97fffff 64bit pref]
[    2.890718] pci_bus 0000:0f: resource 1 [mem 0xcb500000-0xcb5fffff]
[    2.890726] pci_bus 0000:0f: resource 2 [mem 0xd9b00000-0xd9bfffff 64bit pref]
[    2.890734] pci_bus 0000:10: resource 1 [mem 0xcb900000-0xcb9fffff]
[    2.890742] pci_bus 0000:10: resource 2 [mem 0xd9f00000-0xd9ffffff 64bit pref]
[    2.890750] pci_bus 0000:11: resource 1 [mem 0xcbd00000-0xcbdfffff]
[    2.890758] pci_bus 0000:11: resource 2 [mem 0xda300000-0xda3fffff 64bit pref]
[    2.890766] pci_bus 0000:12: resource 1 [mem 0xcc100000-0xcc1fffff]
[    2.890774] pci_bus 0000:12: resource 2 [mem 0xda700000-0xda7fffff 64bit pref]
[    2.890782] pci_bus 0000:13: resource 0 [io  0x6000-0x6fff]
[    2.890790] pci_bus 0000:13: resource 1 [mem 0xca600000-0xca6fffff]
[    2.890798] pci_bus 0000:13: resource 2 [mem 0xd8c00000-0xd8cfffff 64bit pref]
[    2.890806] pci_bus 0000:14: resource 0 [io  0xa000-0xafff]
[    2.890813] pci_bus 0000:14: resource 1 [mem 0xcaa00000-0xcaafffff]
[    2.890827] pci_bus 0000:14: resource 2 [mem 0xd9000000-0xd90fffff 64bit pref]
[    2.890835] pci_bus 0000:15: resource 0 [io  0xe000-0xefff]
[    2.890843] pci_bus 0000:15: resource 1 [mem 0xcae00000-0xcaefffff]
[    2.890851] pci_bus 0000:15: resource 2 [mem 0xd9400000-0xd94fffff 64bit pref]
[    2.890859] pci_bus 0000:16: resource 1 [mem 0xcb200000-0xcb2fffff]
[    2.890867] pci_bus 0000:16: resource 2 [mem 0xd9800000-0xd98fffff 64bit pref]
[    2.890875] pci_bus 0000:17: resource 1 [mem 0xcb600000-0xcb6fffff]
[    2.890883] pci_bus 0000:17: resource 2 [mem 0xd9c00000-0xd9cfffff 64bit pref]
[    2.890892] pci_bus 0000:18: resource 1 [mem 0xcba00000-0xcbafffff]
[    2.890900] pci_bus 0000:18: resource 2 [mem 0xda000000-0xda0fffff 64bit pref]
[    2.890908] pci_bus 0000:19: resource 1 [mem 0xcbe00000-0xcbefffff]
[    2.890916] pci_bus 0000:19: resource 2 [mem 0xda400000-0xda4fffff 64bit pref]
[    2.890924] pci_bus 0000:1a: resource 1 [mem 0xcc200000-0xcc2fffff]
[    2.890932] pci_bus 0000:1a: resource 2 [mem 0xda800000-0xda8fffff 64bit pref]
[    2.890940] pci_bus 0000:1b: resource 0 [io  0x7000-0x7fff]
[    2.890947] pci_bus 0000:1b: resource 1 [mem 0xca700000-0xca7fffff]
[    2.890955] pci_bus 0000:1b: resource 2 [mem 0xd8d00000-0xd8dfffff 64bit pref]
[    2.890963] pci_bus 0000:1c: resource 0 [io  0xb000-0xbfff]
[    2.890971] pci_bus 0000:1c: resource 1 [mem 0xcab00000-0xcabfffff]
[    2.890979] pci_bus 0000:1c: resource 2 [mem 0xd9100000-0xd91fffff 64bit pref]
[    2.890988] pci_bus 0000:1d: resource 1 [mem 0xcaf00000-0xcaffffff]
[    2.890996] pci_bus 0000:1d: resource 2 [mem 0xd9500000-0xd95fffff 64bit pref]
[    2.891004] pci_bus 0000:1e: resource 1 [mem 0xcb300000-0xcb3fffff]
[    2.891012] pci_bus 0000:1e: resource 2 [mem 0xd9900000-0xd99fffff 64bit pref]
[    2.891020] pci_bus 0000:1f: resource 1 [mem 0xcb700000-0xcb7fffff]
[    2.891028] pci_bus 0000:1f: resource 2 [mem 0xd9d00000-0xd9dfffff 64bit pref]
[    2.891036] pci_bus 0000:20: resource 1 [mem 0xcbb00000-0xcbbfffff]
[    2.891044] pci_bus 0000:20: resource 2 [mem 0xda100000-0xda1fffff 64bit pref]
[    2.891053] pci_bus 0000:21: resource 1 [mem 0xcbf00000-0xcbffffff]
[    2.891061] pci_bus 0000:21: resource 2 [mem 0xda500000-0xda5fffff 64bit pref]
[    2.891069] pci_bus 0000:22: resource 1 [mem 0xcc300000-0xcc3fffff]
[    2.891077] pci_bus 0000:22: resource 2 [mem 0xda900000-0xda9fffff 64bit pref]
[    2.891379] NET: Registered protocol family 2
[    2.895369] IP route cache hash table entries: 32768 (order: 5, 131072 bytes)
[    2.903349] TCP established hash table entries: 131072 (order: 8, 1048576 bytes)
[    2.915357] TCP bind hash table entries: 65536 (order: 7, 524288 bytes)
[    2.919365] TCP: Hash tables configured (established 131072 bind 65536)
[    2.919407] TCP reno registered
[    2.919449] UDP hash table entries: 512 (order: 2, 16384 bytes)
[    2.919491] UDP-Lite hash table entries: 512 (order: 2, 16384 bytes)
[    2.923356] NET: Registered protocol family 1
[    2.923397] pci 0000:00:00.0: Limiting direct PCI/PCI transfers
[    2.923439] pci 0000:00:0f.0: Boot video device
[    2.923528] PCI: CLS 32 bytes, default 64
[    2.923839] Simple Boot Flag at 0x36 set to 0x1
[    2.947343] Trying to unpack rootfs image as initramfs...
[    2.963379] audit: initializing netlink socket (disabled)
[    2.963420] type=2000 audit(1422013267.768:1): initialized
[    3.083596] highmem bounce pool size: 64 pages
[    3.083637] HugeTLB registered 4 MB page size, pre-allocated 0 pages
[    3.107613] VFS: Disk quotas dquot_6.5.2
[    3.107655] Dquot-cache hash table entries: 1024 (order 0, 4096 bytes)
[    3.143322] fuse init (API version 7.16)
[    3.147305] msgmni has been set to 1704
[    3.159599] Block layer SCSI generic (bsg) driver version 0.4 loaded (major 253)
[    3.163368] io scheduler noop registered
[    3.163409] io scheduler deadline registered
[    3.163451] io scheduler cfq registered (default)
[    3.167405] pcieport 0000:00:15.0: setting latency timer to 64
[    3.175296] pcieport 0000:00:15.0: irq 40 for MSI/MSI-X
[    3.183393] pcieport 0000:00:15.1: setting latency timer to 64
[    3.183435] pcieport 0000:00:15.1: irq 41 for MSI/MSI-X
[    3.183477] pcieport 0000:00:15.2: setting latency timer to 64
[    3.191340] pcieport 0000:00:15.2: irq 42 for MSI/MSI-X
[    3.195387] pcieport 0000:00:15.3: setting latency timer to 64
[    3.199325] pcieport 0000:00:15.3: irq 43 for MSI/MSI-X
[    3.199367] pcieport 0000:00:15.4: setting latency timer to 64
[    3.199408] pcieport 0000:00:15.4: irq 44 for MSI/MSI-X
[    3.199450] pcieport 0000:00:15.5: setting latency timer to 64
[    3.199492] pcieport 0000:00:15.5: irq 45 for MSI/MSI-X
[    3.199534] pcieport 0000:00:15.6: setting latency timer to 64
[    3.199576] pcieport 0000:00:15.6: irq 46 for MSI/MSI-X
[    3.199617] pcieport 0000:00:15.7: setting latency timer to 64
[    3.199659] pcieport 0000:00:15.7: irq 47 for MSI/MSI-X
[    3.199701] pcieport 0000:00:16.0: setting latency timer to 64
[    3.199743] pcieport 0000:00:16.0: irq 48 for MSI/MSI-X
[    3.199785] pcieport 0000:00:16.1: setting latency timer to 64
[    3.199827] pcieport 0000:00:16.1: irq 49 for MSI/MSI-X
[    3.199868] pcieport 0000:00:16.2: setting latency timer to 64
[    3.199910] pcieport 0000:00:16.2: irq 50 for MSI/MSI-X
[    3.199952] pcieport 0000:00:16.3: setting latency timer to 64
[    3.199994] pcieport 0000:00:16.3: irq 51 for MSI/MSI-X
[    3.200036] pcieport 0000:00:16.4: setting latency timer to 64
[    3.200077] pcieport 0000:00:16.4: irq 52 for MSI/MSI-X
[    3.203315] pcieport 0000:00:16.5: setting latency timer to 64
[    3.215392] pcieport 0000:00:16.5: irq 53 for MSI/MSI-X
[    3.215434] pcieport 0000:00:16.6: setting latency timer to 64
[    3.215476] pcieport 0000:00:16.6: irq 54 for MSI/MSI-X
[    3.219319] pcieport 0000:00:16.7: setting latency timer to 64
[    3.231384] pcieport 0000:00:16.7: irq 55 for MSI/MSI-X
[    3.239302] pcieport 0000:00:17.0: setting latency timer to 64
[    3.255352] pcieport 0000:00:17.0: irq 56 for MSI/MSI-X
[    3.255394] pcieport 0000:00:17.1: setting latency timer to 64
[    3.255435] pcieport 0000:00:17.1: irq 57 for MSI/MSI-X
[    3.255477] pcieport 0000:00:17.2: setting latency timer to 64
[    3.255519] pcieport 0000:00:17.2: irq 58 for MSI/MSI-X
[    3.255561] pcieport 0000:00:17.3: setting latency timer to 64
[    3.255603] pcieport 0000:00:17.3: irq 59 for MSI/MSI-X
[    3.255644] pcieport 0000:00:17.4: setting latency timer to 64
[    3.255686] pcieport 0000:00:17.4: irq 60 for MSI/MSI-X
[    3.255728] pcieport 0000:00:17.5: setting latency timer to 64
[    3.255770] pcieport 0000:00:17.5: irq 61 for MSI/MSI-X
[    3.255812] pcieport 0000:00:17.6: setting latency timer to 64
[    3.255854] pcieport 0000:00:17.6: irq 62 for MSI/MSI-X
[    3.255895] pcieport 0000:00:17.7: setting latency timer to 64
[    3.255937] pcieport 0000:00:17.7: irq 63 for MSI/MSI-X
[    3.255979] pcieport 0000:00:18.0: setting latency timer to 64
[    3.256021] pcieport 0000:00:18.0: irq 64 for MSI/MSI-X
[    3.256063] pcieport 0000:00:18.1: setting latency timer to 64
[    3.256105] pcieport 0000:00:18.1: irq 65 for MSI/MSI-X
[    3.256146] pcieport 0000:00:18.2: setting latency timer to 64
[    3.256188] pcieport 0000:00:18.2: irq 66 for MSI/MSI-X
[    3.256230] pcieport 0000:00:18.3: setting latency timer to 64
[    3.256272] pcieport 0000:00:18.3: irq 67 for MSI/MSI-X
[    3.267306] pcieport 0000:00:18.4: setting latency timer to 64
[    3.271366] pcieport 0000:00:18.4: irq 68 for MSI/MSI-X
[    3.271423] pcieport 0000:00:18.5: setting latency timer to 64
[    3.271480] pcieport 0000:00:18.5: irq 69 for MSI/MSI-X
[    3.271537] pcieport 0000:00:18.6: setting latency timer to 64
[    3.271593] pcieport 0000:00:18.6: irq 70 for MSI/MSI-X
[    3.275322] pcieport 0000:00:18.7: setting latency timer to 64
[    3.287346] pcieport 0000:00:18.7: irq 71 for MSI/MSI-X
[    3.295332] pcieport 0000:00:15.0: Signaling PME through PCIe PME interrupt
[    3.295389] pcie_pme 0000:00:15.0:pcie01: service driver pcie_pme loaded
[    3.295446] pcieport 0000:00:15.1: Signaling PME through PCIe PME interrupt
[    3.295503] pcie_pme 0000:00:15.1:pcie01: service driver pcie_pme loaded
[    3.295560] pcieport 0000:00:15.2: Signaling PME through PCIe PME interrupt
[    3.295616] pcie_pme 0000:00:15.2:pcie01: service driver pcie_pme loaded
[    3.295673] pcieport 0000:00:15.3: Signaling PME through PCIe PME interrupt
[    3.295730] pcie_pme 0000:00:15.3:pcie01: service driver pcie_pme loaded
[    3.295787] pcieport 0000:00:15.4: Signaling PME through PCIe PME interrupt
[    3.295844] pcie_pme 0000:00:15.4:pcie01: service driver pcie_pme loaded
[    3.295901] pcieport 0000:00:15.5: Signaling PME through PCIe PME interrupt
[    3.295958] pcie_pme 0000:00:15.5:pcie01: service driver pcie_pme loaded
[    3.296015] pcieport 0000:00:15.6: Signaling PME through PCIe PME interrupt
[    3.296072] pcie_pme 0000:00:15.6:pcie01: service driver pcie_pme loaded
[    3.296129] pcieport 0000:00:15.7: Signaling PME through PCIe PME interrupt
[    3.296186] pcie_pme 0000:00:15.7:pcie01: service driver pcie_pme loaded
[    3.296242] pcieport 0000:00:16.0: Signaling PME through PCIe PME interrupt
[    3.296299] pcie_pme 0000:00:16.0:pcie01: service driver pcie_pme loaded
[    3.296356] pcieport 0000:00:16.1: Signaling PME through PCIe PME interrupt
[    3.296413] pcie_pme 0000:00:16.1:pcie01: service driver pcie_pme loaded
[    3.296470] pcieport 0000:00:16.2: Signaling PME through PCIe PME interrupt
[    3.296527] pcie_pme 0000:00:16.2:pcie01: service driver pcie_pme loaded
[    3.296584] pcieport 0000:00:16.3: Signaling PME through PCIe PME interrupt
[    3.296641] pcie_pme 0000:00:16.3:pcie01: service driver pcie_pme loaded
[    3.296698] pcieport 0000:00:16.4: Signaling PME through PCIe PME interrupt
[    3.296755] pcie_pme 0000:00:16.4:pcie01: service driver pcie_pme loaded
[    3.296811] pcieport 0000:00:16.5: Signaling PME through PCIe PME interrupt
[    3.296868] pcie_pme 0000:00:16.5:pcie01: service driver pcie_pme loaded
[    3.296925] pcieport 0000:00:16.6: Signaling PME through PCIe PME interrupt
[    3.296982] pcie_pme 0000:00:16.6:pcie01: service driver pcie_pme loaded
[    3.297039] pcieport 0000:00:16.7: Signaling PME through PCIe PME interrupt
[    3.297096] pcie_pme 0000:00:16.7:pcie01: service driver pcie_pme loaded
[    3.297153] pcieport 0000:00:17.0: Signaling PME through PCIe PME interrupt
[    3.297210] pcie_pme 0000:00:17.0:pcie01: service driver pcie_pme loaded
[    3.297267] pcieport 0000:00:17.1: Signaling PME through PCIe PME interrupt
[    3.297324] pcie_pme 0000:00:17.1:pcie01: service driver pcie_pme loaded
[    3.297380] pcieport 0000:00:17.2: Signaling PME through PCIe PME interrupt
[    3.297437] pcie_pme 0000:00:17.2:pcie01: service driver pcie_pme loaded
[    3.297494] pcieport 0000:00:17.3: Signaling PME through PCIe PME interrupt
[    3.297551] pcie_pme 0000:00:17.3:pcie01: service driver pcie_pme loaded
[    3.297608] pcieport 0000:00:17.4: Signaling PME through PCIe PME interrupt
[    3.297665] pcie_pme 0000:00:17.4:pcie01: service driver pcie_pme loaded
[    3.297722] pcieport 0000:00:17.5: Signaling PME through PCIe PME interrupt
[    3.297779] pcie_pme 0000:00:17.5:pcie01: service driver pcie_pme loaded
[    3.297836] pcieport 0000:00:17.6: Signaling PME through PCIe PME interrupt
[    3.297893] pcie_pme 0000:00:17.6:pcie01: service driver pcie_pme loaded
[    3.303311] pcieport 0000:00:17.7: Signaling PME through PCIe PME interrupt
[    3.303368] pcie_pme 0000:00:17.7:pcie01: service driver pcie_pme loaded
[    3.303425] pcieport 0000:00:18.0: Signaling PME through PCIe PME interrupt
[    3.303482] pcie_pme 0000:00:18.0:pcie01: service driver pcie_pme loaded
[    3.303539] pcieport 0000:00:18.1: Signaling PME through PCIe PME interrupt
[    3.303596] pcie_pme 0000:00:18.1:pcie01: service driver pcie_pme loaded
[    3.303653] pcieport 0000:00:18.2: Signaling PME through PCIe PME interrupt
[    3.303710] pcie_pme 0000:00:18.2:pcie01: service driver pcie_pme loaded
[    3.303766] pcieport 0000:00:18.3: Signaling PME through PCIe PME interrupt
[    3.303823] pcie_pme 0000:00:18.3:pcie01: service driver pcie_pme loaded
[    3.303880] pcieport 0000:00:18.4: Signaling PME through PCIe PME interrupt
[    3.303937] pcie_pme 0000:00:18.4:pcie01: service driver pcie_pme loaded
[    3.303994] pcieport 0000:00:18.5: Signaling PME through PCIe PME interrupt
[    3.304051] pcie_pme 0000:00:18.5:pcie01: service driver pcie_pme loaded
[    3.304108] pcieport 0000:00:18.6: Signaling PME through PCIe PME interrupt
[    3.304165] pcie_pme 0000:00:18.6:pcie01: service driver pcie_pme loaded
[    3.304222] pcieport 0000:00:18.7: Signaling PME through PCIe PME interrupt
[    3.304279] pcie_pme 0000:00:18.7:pcie01: service driver pcie_pme loaded
[    3.304335] pci_hotplug: PCI Hot Plug PCI Core version: 0.5
[    3.319349] pciehp 0000:00:15.0:pcie04: HPC vendor_id 15ad device_id 7a0 ss_vid 15ad ss_did 7a0
[    3.331153] pciehp 0000:00:15.0:pcie04: service driver pciehp loaded
[    3.335324] pciehp 0000:00:15.1:pcie04: HPC vendor_id 15ad device_id 7a0 ss_vid 15ad ss_did 7a0
[    3.335381] pciehp 0000:00:15.1:pcie04: service driver pciehp loaded
[    3.335438] pciehp 0000:00:15.2:pcie04: HPC vendor_id 15ad device_id 7a0 ss_vid 15ad ss_did 7a0
[    3.335495] pciehp 0000:00:15.2:pcie04: service driver pciehp loaded
[    3.335552] pciehp 0000:00:15.3:pcie04: HPC vendor_id 15ad device_id 7a0 ss_vid 15ad ss_did 7a0
[    3.335609] pciehp 0000:00:15.3:pcie04: service driver pciehp loaded
[    3.335666] pciehp 0000:00:15.4:pcie04: HPC vendor_id 15ad device_id 7a0 ss_vid 15ad ss_did 7a0
[    3.335723] pciehp 0000:00:15.4:pcie04: service driver pciehp loaded
[    3.335779] pciehp 0000:00:15.5:pcie04: HPC vendor_id 15ad device_id 7a0 ss_vid 15ad ss_did 7a0
[    3.335836] pciehp 0000:00:15.5:pcie04: service driver pciehp loaded
[    3.335893] pciehp 0000:00:15.6:pcie04: HPC vendor_id 15ad device_id 7a0 ss_vid 15ad ss_did 7a0
[    3.335950] pciehp 0000:00:15.6:pcie04: service driver pciehp loaded
[    3.336007] pciehp 0000:00:15.7:pcie04: HPC vendor_id 15ad device_id 7a0 ss_vid 15ad ss_did 7a0
[    3.336064] pciehp 0000:00:15.7:pcie04: service driver pciehp loaded
[    3.336121] pciehp 0000:00:16.0:pcie04: HPC vendor_id 15ad device_id 7a0 ss_vid 15ad ss_did 7a0
[    3.336178] pciehp 0000:00:16.0:pcie04: service driver pciehp loaded
[    3.336235] pciehp 0000:00:16.1:pcie04: HPC vendor_id 15ad device_id 7a0 ss_vid 15ad ss_did 7a0
[    3.336292] pciehp 0000:00:16.1:pcie04: service driver pciehp loaded
[    3.336349] pciehp 0000:00:16.2:pcie04: HPC vendor_id 15ad device_id 7a0 ss_vid 15ad ss_did 7a0
[    3.336405] pciehp 0000:00:16.2:pcie04: service driver pciehp loaded
[    3.336462] pciehp 0000:00:16.3:pcie04: HPC vendor_id 15ad device_id 7a0 ss_vid 15ad ss_did 7a0
[    3.336519] pciehp 0000:00:16.3:pcie04: service driver pciehp loaded
[    3.347292] pciehp 0000:00:16.4:pcie04: HPC vendor_id 15ad device_id 7a0 ss_vid 15ad ss_did 7a0
[    3.351329] pciehp 0000:00:16.4:pcie04: service driver pciehp loaded
[    3.351386] pciehp 0000:00:16.5:pcie04: HPC vendor_id 15ad device_id 7a0 ss_vid 15ad ss_did 7a0
[    3.351443] pciehp 0000:00:16.5:pcie04: service driver pciehp loaded
[    3.351500] pciehp 0000:00:16.6:pcie04: HPC vendor_id 15ad device_id 7a0 ss_vid 15ad ss_did 7a0
[    3.351557] pciehp 0000:00:16.6:pcie04: service driver pciehp loaded
[    3.351614] pciehp 0000:00:16.7:pcie04: HPC vendor_id 15ad device_id 7a0 ss_vid 15ad ss_did 7a0
[    3.351671] pciehp 0000:00:16.7:pcie04: service driver pciehp loaded
[    3.351728] pciehp 0000:00:17.0:pcie04: HPC vendor_id 15ad device_id 7a0 ss_vid 15ad ss_did 7a0
[    3.351785] pciehp 0000:00:17.0:pcie04: service driver pciehp loaded
[    3.351842] pciehp 0000:00:17.1:pcie04: HPC vendor_id 15ad device_id 7a0 ss_vid 15ad ss_did 7a0
[    3.351899] pciehp 0000:00:17.1:pcie04: service driver pciehp loaded
[    3.351955] pciehp 0000:00:17.2:pcie04: HPC vendor_id 15ad device_id 7a0 ss_vid 15ad ss_did 7a0
[    3.352012] pciehp 0000:00:17.2:pcie04: service driver pciehp loaded
[    3.352069] pciehp 0000:00:17.3:pcie04: HPC vendor_id 15ad device_id 7a0 ss_vid 15ad ss_did 7a0
[    3.352126] pciehp 0000:00:17.3:pcie04: service driver pciehp loaded
[    3.352183] pciehp 0000:00:17.4:pcie04: HPC vendor_id 15ad device_id 7a0 ss_vid 15ad ss_did 7a0
[    3.352240] pciehp 0000:00:17.4:pcie04: service driver pciehp loaded
[    3.352297] pciehp 0000:00:17.5:pcie04: HPC vendor_id 15ad device_id 7a0 ss_vid 15ad ss_did 7a0
[    3.352354] pciehp 0000:00:17.5:pcie04: service driver pciehp loaded
[    3.352411] pciehp 0000:00:17.6:pcie04: HPC vendor_id 15ad device_id 7a0 ss_vid 15ad ss_did 7a0
[    3.352468] pciehp 0000:00:17.6:pcie04: service driver pciehp loaded
[    3.352524] pciehp 0000:00:17.7:pcie04: HPC vendor_id 15ad device_id 7a0 ss_vid 15ad ss_did 7a0
[    3.352581] pciehp 0000:00:17.7:pcie04: service driver pciehp loaded
[    3.352638] pciehp 0000:00:18.0:pcie04: HPC vendor_id 15ad device_id 7a0 ss_vid 15ad ss_did 7a0
[    3.352695] pciehp 0000:00:18.0:pcie04: service driver pciehp loaded
[    3.352752] pciehp 0000:00:18.1:pcie04: HPC vendor_id 15ad device_id 7a0 ss_vid 15ad ss_did 7a0
[    3.352809] pciehp 0000:00:18.1:pcie04: service driver pciehp loaded
[    3.352866] pciehp 0000:00:18.2:pcie04: HPC vendor_id 15ad device_id 7a0 ss_vid 15ad ss_did 7a0
[    3.352923] pciehp 0000:00:18.2:pcie04: service driver pciehp loaded
[    3.352980] pciehp 0000:00:18.3:pcie04: HPC vendor_id 15ad device_id 7a0 ss_vid 15ad ss_did 7a0
[    3.353037] pciehp 0000:00:18.3:pcie04: service driver pciehp loaded
[    3.353094] pciehp 0000:00:18.4:pcie04: HPC vendor_id 15ad device_id 7a0 ss_vid 15ad ss_did 7a0
[    3.353150] pciehp 0000:00:18.4:pcie04: service driver pciehp loaded
[    3.353207] pciehp 0000:00:18.5:pcie04: HPC vendor_id 15ad device_id 7a0 ss_vid 15ad ss_did 7a0
[    3.353264] pciehp 0000:00:18.5:pcie04: service driver pciehp loaded
[    3.353321] pciehp 0000:00:18.6:pcie04: HPC vendor_id 15ad device_id 7a0 ss_vid 15ad ss_did 7a0
[    3.353378] pciehp 0000:00:18.6:pcie04: service driver pciehp loaded
[    3.353435] pciehp 0000:00:18.7:pcie04: HPC vendor_id 15ad device_id 7a0 ss_vid 15ad ss_did 7a0
[    3.353492] pciehp 0000:00:18.7:pcie04: service driver pciehp loaded
[    3.353549] pciehp: PCI Express Hot Plug Controller Driver version: 0.4
[    3.359285] ACPI: Deprecated procfs I/F for AC is loaded, please retry with CONFIG_ACPI_PROCFS_POWER cleared
[    3.367365] ACPI: AC Adapter [ACAD] (on-line)
[    3.375329] input: Power Button as /devices/LNXSYSTM:00/LNXPWRBN:00/input/input0
[    3.375386] ACPI: Power Button [PWRF]
[    3.375443] ACPI: acpi_idle registered with cpuidle
[    3.695195] ERST: Table is not found!
[    3.695627] Serial: 8250/16550 driver, 32 ports, IRQ sharing enabled
[    3.719326] serial8250: ttyS0 at I/O 0x3f8 (irq = 4) is a 16550A
[    3.719553] isapnp: Scanning for PnP cards...
[    3.819139] serial8250: ttyS1 at I/O 0x2f8 (irq = 3) is a 16550A
[    3.959218] 00:0a: ttyS0 at I/O 0x3f8 (irq = 4) is a 16550A
[    3.959342] Refined TSC clocksource calibration: 1795.931 MHz.
[    3.959399] Switching to clocksource tsc
[    4.088885] 00:0b: ttyS1 at I/O 0x2f8 (irq = 3) is a 16550A
[    4.179247] Linux agpgart interface v0.103
[    4.179315] agpgart-intel 0000:00:00.0: Intel 440BX Chipset
[    4.259066] agpgart-intel 0000:00:00.0: AGP aperture is 256M @ 0x0
[    4.299046] brd: module loaded
[    4.307086] loop: module loaded
[    4.315049] ata_piix 0000:00:07.1: version 2.13
[    4.407365] scsi0 : ata_piix
[    4.407763] scsi1 : ata_piix
[    4.407831] ata1: PATA max UDMA/33 cmd 0x1f0 ctl 0x3f6 bmdma 0x10c0 irq 14
[    4.407898] ata2: PATA max UDMA/33 cmd 0x170 ctl 0x376 bmdma 0x10c8 irq 15
[    4.443016] Fixed MDIO Bus: probed
[    4.443084] PPP generic driver version 2.4.2
[    4.443152] tun: Universal TUN/TAP device driver, 1.6
[    4.443215] tun: (C) 1999-2004 Max Krasnyansky <maxk@qualcomm.com>
[    4.443283] ehci_hcd: USB 2.0 'Enhanced' Host Controller (EHCI) Driver
[    4.443351] ehci_hcd 0000:02:03.0: PCI INT A -> GSI 17 (level, low) -> IRQ 17
[    4.443418] ehci_hcd 0000:02:03.0: EHCI Host Controller
[    4.443486] ehci_hcd 0000:02:03.0: new USB bus registered, assigned bus number 1
[    4.450983] ehci_hcd 0000:02:03.0: cache line size of 32 is not supported
[    4.451050] ehci_hcd 0000:02:03.0: irq 17, io mem 0xc9000000
[    4.463027] ehci_hcd 0000:02:03.0: USB 2.0 started, EHCI 1.00
[    4.523080] hub 1-0:1.0: USB hub found
[    4.523148] hub 1-0:1.0: 6 ports detected
[    4.530954] ohci_hcd: USB 1.1 'Open' Host Controller (OHCI) Driver
[    4.531021] uhci_hcd: USB Universal Host Controller Interface driver
[    4.531089] uhci_hcd 0000:02:00.0: PCI INT A -> GSI 18 (level, low) -> IRQ 18
[    4.531157] uhci_hcd 0000:02:00.0: UHCI Host Controller
[    4.531224] uhci_hcd 0000:02:00.0: new USB bus registered, assigned bus number 2
[    4.531365] uhci_hcd 0000:02:00.0: irq 18, io base 0x000020c0
[    4.538945] hub 2-0:1.0: USB hub found
[    4.539013] hub 2-0:1.0: 2 ports detected
[    4.539080] i8042: PNP: PS/2 Controller [PNP0303:KBC,PNP0f13:MOUS] at 0x60,0x64 irq 1,12
[    5.186744] ata2.00: ATAPI: VMware Virtual IDE CDROM Drive, 00000001, max UDMA/33
[    5.235917] isapnp: No Plug & Play device found
[    5.243044] ata2.00: configured for UDMA/33
[    5.282810] scsi 1:0:0:0: CD-ROM            NECVMWar VMware IDE CDR10 1.00 PQ: 0 ANSI: 5
[    5.299700] sr0: scsi3-mmc drive: 1x/1x writer dvd-ram cd/rw xa/form2 cdda tray
[    5.299777] cdrom: Uniform CD-ROM driver Revision: 3.20
[    5.302830] sr 1:0:0:0: Attached scsi CD-ROM sr0
[    5.307117] sr 1:0:0:0: Attached scsi generic sg0 type 5
[    5.358732] usb 2-1: new full speed USB device number 2 using uhci_hcd
[    5.610641] usb 2-2: new full speed USB device number 3 using uhci_hcd
[    5.743156] hub 2-2:1.0: USB hub found
[    5.743351] hub 2-2:1.0: 7 ports detected
[    5.810551] serio: i8042 KBD port at 0x60,0x64 irq 1
[    5.810704] serio: i8042 AUX port at 0x60,0x64 irq 12
[    5.810981] mousedev: PS/2 mouse device common for all mice
[    5.842722] input: AT Translated Set 2 keyboard as /devices/platform/i8042/serio0/input/input1
[    5.870571] rtc_cmos 00:04: rtc core: registered rtc_cmos as rtc0
[    5.870801] rtc0: alarms up to one month, y3k, 114 bytes nvram, hpet irqs
[    5.870858] device-mapper: uevent: version 1.0.3
[    5.870916] device-mapper: ioctl: 4.20.0-ioctl (2011-02-02) initialised: dm-devel@redhat.com
[    5.870973] EISA: Probing bus 0 at eisa.0
[    5.871031] EISA: Cannot allocate resource for mainboard
[    5.871088] Cannot allocate resource for EISA slot 1
[    5.871146] Cannot allocate resource for EISA slot 2
[    5.871162] Cannot allocate resource for EISA slot 3
[    5.871173] Cannot allocate resource for EISA slot 4
[    5.871185] Cannot allocate resource for EISA slot 5
[    5.871196] Cannot allocate resource for EISA slot 6
[    5.871205] Cannot allocate resource for EISA slot 7
[    5.871216] Cannot allocate resource for EISA slot 8
[    5.871273] EISA: Detected 0 cards.
[    5.871388] cpufreq-nforce2: No nForce2 chipset.
[    5.871446] cpuidle: using governor ladder
[    5.871503] cpuidle: using governor menu
[    5.871561] EFI Variables Facility v0.08 2004-May-17
[    5.878537] TCP cubic registered
[    5.878595] NET: Registered protocol family 10
[    5.926560] NET: Registered protocol family 17
[    5.926618] Registering the dns_resolver key type
[    5.934561] Using IPI No-Shortcut mode
[    5.934618] PM: Hibernation image not present or could not be loaded.
[    5.934676] registered taskstats version 1
[    6.030616] usb 2-2.1: new full speed USB device number 4 using uhci_hcd
[    6.410518] Freeing initrd memory: 13308k freed
[    6.694270]   Magic number: 15:993:681
[    6.694564] rtc_cmos 00:04: setting system clock to 2015-01-23 11:41:13 UTC (1422013273)
[    6.702288] BIOS EDD facility v0.16 2004-Jun-25, 0 devices found
[    6.702344] EDD information not available.
[    6.714269] Freeing unused kernel memory: 696k freed
[    6.730459] Write protecting the kernel text: 5332k
[    6.730516] Write protecting the kernel read-only data: 2188k
[    6.874272] udevd[82]: starting version 173
[    6.978286] VMware vmxnet3 virtual NIC driver - version 1.1.18.0-k-NAPI
[    7.022280] VMware PVSCSI driver - version 1.0.1.0-k
[    7.050297] VMware vmxnet virtual NIC driver
[    7.050354] vmxnet 0000:02:01.0: PCI INT A -> GSI 19 (level, low) -> IRQ 19
[    7.050411] Found vmxnet/PCI at 0x2024, irq 19.
[    7.050467] features:
[    7.050524] numRxBuffers = 100, numRxBuffers2 = 1
[    7.789983] Floppy drive(s): fd0 is 1.44M
[    7.834311] FDC 0 is a post-1991 82077
[    7.884666] Fusion MPT base driver 3.04.19
[    7.884723] Copyright (c) 1999-2008 LSI Corporation
[    7.895013] Fusion MPT SPI Host driver 3.04.19
[    7.895093] mptspi 0000:00:10.0: PCI INT A -> GSI 17 (level, low) -> IRQ 17
[    7.902028] mptbase: ioc0: Initiating bringup
[    7.974002] ioc0: LSI53C1030 B0: Capabilities={Initiator}
[    8.138065] scsi2 : ioc0: LSI53C1030 B0, FwRev=01032920h, Ports=1, MaxQ=128, IRQ=17
[    8.242842] input: VMware VMware Virtual USB Mouse as /devices/pci0000:00/0000:00:11.0/0000:02:00.0/usb2/2-1/2-1:1.0/input/input2
[    8.244135] generic-usb 0003:0E0F:0003.0001: input,hidraw0: USB HID v1.10 Mouse [VMware VMware Virtual USB Mouse] on usb-0000:02:00.0-1/input0
[    8.246382] input: VMware VMware Virtual USB Mouse as /devices/pci0000:00/0000:00:11.0/0000:02:00.0/usb2/2-1/2-1:1.1/input/input3
[    8.246494] generic-usb 0003:0E0F:0003.0002: input,hidraw1: USB HID v1.10 Mouse [VMware VMware Virtual USB Mouse] on usb-0000:02:00.0-1/input1
[    8.246578] usbcore: registered new interface driver usbhid
[    8.246659] usbhid: USB HID core driver
[    8.262756] scsi 2:0:0:0: Direct-Access     VMware,  VMware Virtual S 1.0  PQ: 0 ANSI: 2
[    8.262868] scsi target2:0:0: Beginning Domain Validation
[    8.264077] scsi target2:0:0: Domain Validation skipping write tests
[    8.264131] scsi target2:0:0: Ending Domain Validation
[    8.264243] scsi target2:0:0: FAST-40 WIDE SCSI 80.0 MB/s ST (25 ns, offset 127)
[    8.286257] sd 2:0:0:0: [sda] 41943040 512-byte logical blocks: (21.4 GB/20.0 GiB)
[    8.286481] sd 2:0:0:0: [sda] Write Protect is off
[    8.286546] sd 2:0:0:0: [sda] Mode Sense: 61 00 00 00
[    8.286770] sd 2:0:0:0: [sda] Cache data unavailable
[    8.286824] sd 2:0:0:0: [sda] Assuming drive cache: write through
[    8.287384] sd 2:0:0:0: [sda] Cache data unavailable
[    8.287393] sd 2:0:0:0: [sda] Assuming drive cache: write through
[    8.293041] sd 2:0:0:0: Attached scsi generic sg1 type 0
[    8.434248]  sda: sda1 sda2 < sda5 >
[    8.497977] sd 2:0:0:0: [sda] Cache data unavailable
[    8.498089] sd 2:0:0:0: [sda] Assuming drive cache: write through
[    8.498201] sd 2:0:0:0: [sda] Attached SCSI disk
[    8.698385] EXT4-fs (sda1): INFO: recovery required on readonly filesystem
[    8.698440] EXT4-fs (sda1): write access will be enabled during recovery
